<html>
<body>
<pre>
<h1>µVision Build Log</h1>
<h2>Tool Versions:</h2>
IDE-Version: ¦ÌVision V5.39.0.0
Copyright (C) 2023 ARM Ltd and ARM Germany GmbH. All rights reserved.
License Information: y y, y, LIC=GE7DL-00UQ3-24WSS-LQZQY-BPK13-B3ZM0
 
Tool Versions:
Toolchain:       MDK-ARM Professional  Version: 5.39.0.0
Toolchain Path:  E:\Keil5\ARM\ARM_Compiler_5.06u7\Bin
C Compiler:      Armcc.exe V5.06 update 7 (build 960)
Assembler:       Armasm.exe V5.06 update 7 (build 960)
Linker/Locator:  ArmLink.exe V5.06 update 7 (build 960)
Library Manager: ArmAr.exe V5.06 update 7 (build 960)
Hex Converter:   FromElf.exe V5.06 update 7 (build 960)
CPU DLL:         SARMCM3.DLL V5.39.0.0
Dialog DLL:      DCM.DLL V1.17.5.0
Target DLL:      CMSIS_AGDI.dll V1.33.16.0
Dialog DLL:      TCM.DLL V1.56.4.0
 
<h2>Project:</h2>
C:\Users\cloud\Desktop\TDMA\HAL Lib version\Anchor_RTOS\MDK-ARM\Anchor.uvprojx
Project File Date:  01/20/2025

<h2>Output:</h2>
*** Using Compiler 'V5.06 update 7 (build 960)', folder: 'E:\Keil5\ARM\ARM_Compiler_5.06u7\Bin'
Build target 'Anchor'
compiling dma.c...
compiling iwdg.c...
compiling stm32f4xx_hal_timebase_tim.c...
compiling can.c...
compiling usart_voice.c...
compiling spi.c...
compiling stm32f4xx_hal_msp.c...
compiling stm32f4xx_it.c...
compiling com_multiButton.c...
compiling usart.c...
compiling gpio.c...
assembling startup_stm32f405xx.s...
compiling timer.c...
compiling instance_anchor.c...
compiling main.c...
compiling dw_main.c...
..\Core\application\dw_main.c(355): warning:  #177-D: function "txCallback"  was declared but never referenced
  static void txCallback(const dwt_cb_data_t *cb_data)
..\Core\application\dw_main.c(361): warning:  #177-D: function "rxCallback"  was declared but never referenced
  static void rxCallback(const dwt_cb_data_t *cb_data)
..\Core\application\dw_main.c(366): warning:  #177-D: function "rxTimeoutCallback"  was declared but never referenced
  static void rxTimeoutCallback(const dwt_cb_data_t *cb_data)
..\Core\application\dw_main.c(371): warning:  #177-D: function "rxFailedCallback"  was declared but never referenced
  static void rxFailedCallback(const dwt_cb_data_t *cb_data)
..\Core\application\dw_main.c: 4 warnings, 0 errors
compiling deca_mutex.c...
compiling deca_range_tables.c...
..\Core\platform\deca_range_tables.c(647): warning:  #1035-D: single-precision operand implicitly converted to double-precision
      int rangeint25cm = (int) (range * 4.00) ;       // convert range to integer number of 25cm values.
..\Core\platform\deca_range_tables.c: 1 warning, 0 errors
compiling freertos.c...
..\Core\_Src\freertos.c(306): warning:  #1035-D: single-precision operand implicitly converted to double-precision
          Report_Dis((float)voiceOutputDis / 1000.0);
..\Core\_Src\freertos.c(290): warning:  #177-D: variable "disMsg"  was declared but never referenced
      distanceData_t disMsg;
..\Core\_Src\freertos.c(291): warning:  #177-D: variable "status"  was declared but never referenced
      osStatus status;
..\Core\_Src\freertos.c: 3 warnings, 0 errors
compiling deca_port.c...
..\Core\platform\deca_port.c(41): warning:  #161-D: unrecognized #pragma
  #pragma GCC optimize ("O0")
..\Core\platform\deca_port.c(45): warning:  #161-D: unrecognized #pragma
  #pragma GCC ivdep
..\Core\platform\deca_port.c(48): warning:  #161-D: unrecognized #pragma
  #pragma GCC ivdep
..\Core\platform\deca_port.c: 3 warnings, 0 errors
compiling deca_params_init.c...
compiling deca_spi.c...
compiling deca_sleep.c...
compiling system_stm32f4xx.c...
compiling stm32f4xx_hal_rcc_ex.c...
compiling stm32f4xx_hal_can.c...
compiling deca_device.c...
compiling stm32f4xx_hal_rcc.c...
compiling stm32f4xx_hal_flash.c...
compiling stm32f4xx_hal_flash_ex.c...
compiling stm32f4xx_hal_flash_ramfunc.c...
compiling kalman.c...
compiling stm32f4xx_hal_dma_ex.c...
compiling stm32f4xx_hal_dma.c...
compiling croutine.c...
compiling stm32f4xx_hal_pwr_ex.c...
compiling event_groups.c...
compiling list.c...
compiling stm32f4xx_hal_gpio.c...
compiling queue.c...
compiling stream_buffer.c...
compiling stm32f4xx_hal_pwr.c...
compiling timers.c...
compiling tasks.c...
compiling heap_4.c...
compiling port.c...
compiling stm32f4xx_hal_cortex.c...
compiling stm32f4xx_hal.c...
compiling stm32f4xx_hal_spi.c...
compiling stm32f4xx_hal_sd.c...
compiling stm32f4xx_hal_exti.c...
compiling stm32f4xx_hal_iwdg.c...
compiling stm32f4xx_hal_i2c_ex.c...
compiling stm32f4xx_hal_tim_ex.c...
compiling stm32f4xx_hal_uart.c...
compiling cmsis_os2.c...
compiling stm32f4xx_hal_i2c.c...
compiling stm32f4xx_hal_tim.c...
linking...
Program Size: Code=32732 RO-data=1552 RW-data=1216 ZI-data=23024  
FromELF: creating hex file...
"Anchor\Anchor.axf" - 0 Error(s), 11 Warning(s).

<h2>Software Packages used:</h2>

Package Vendor: ARM
                https://www.keil.com/pack/ARM.CMSIS.6.0.0.pack
                ARM::CMSIS@6.0.0
                CMSIS (Common Microcontroller Software Interface Standard)
   * Component: CORE Version: 6.0.0

Package Vendor: Keil
                http://www.keil.com/pack/Keil.STM32F4xx_DFP.2.16.0.pack
                Keil::STM32F4xx_DFP@2.16.0
                STMicroelectronics STM32F4 Series Device Support, Drivers and Examples

<h2>Collection of Component include folders:</h2>
  ./RTE/_Anchor
  E:/Arm-Packs/ARM/CMSIS/6.0.0/CMSIS/Core/Include
  E:/Arm-Packs/Keil/STM32F4xx_DFP/2.16.0/Drivers/CMSIS/Device/ST/STM32F4xx/Include

<h2>Collection of Component Files used:</h2>

   * Component: ARM::CMSIS:CORE@6.0.0
Build Time Elapsed:  00:00:24
</pre>
</body>
</html>
