Component: ARM Compiler 5.06 update 7 (build 960) Tool: armlink [4d3601]

==============================================================================

Section Cross References

    main.o(i.SystemClock_Config) refers to memseta.o(.text) for __aeabi_memclr4
    main.o(i.SystemClock_Config) refers to stm32f4xx_hal_rcc.o(i.HAL_RCC_OscConfig) for HAL_RCC_OscConfig
    main.o(i.SystemClock_Config) refers to stm32f4xx_hal_rcc.o(i.HAL_RCC_ClockConfig) for HAL_RCC_ClockConfig
    main.o(i.main) refers to stm32f4xx_hal.o(i.HAL_Init) for HAL_Init
    main.o(i.main) refers to main.o(i.SystemClock_Config) for SystemClock_Config
    main.o(i.main) refers to gpio.o(i.MX_GPIO_Init) for MX_GPIO_Init
    main.o(i.main) refers to dma.o(i.MX_DMA_Init) for MX_DMA_Init
    main.o(i.main) refers to usart.o(i.MX_UART4_Init) for MX_UART4_Init
    main.o(i.main) refers to spi.o(i.MX_SPI1_Init) for MX_SPI1_Init
    main.o(i.main) refers to spi.o(i.MX_SPI2_Init) for MX_SPI2_Init
    main.o(i.main) refers to timer.o(i.MX_TIM2_Init) for MX_TIM2_Init
    main.o(i.main) refers to timer.o(i.MX_TIM3_Init) for MX_TIM3_Init
    main.o(i.main) refers to dw_main.o(i.uwb_init) for uwb_init
    main.o(i.main) refers to gpio.o(i.pause_key_init) for pause_key_init
    main.o(i.main) refers to gpio.o(i.switch_key_init) for switch_key_init
    main.o(i.main) refers to dw_main.o(i.print_config) for print_config
    main.o(i.main) refers to cmsis_os2.o(i.osKernelInitialize) for osKernelInitialize
    main.o(i.main) refers to freertos.o(i.MX_FREERTOS_Init) for MX_FREERTOS_Init
    main.o(i.main) refers to can.o(i.MX_CAN1_Init) for MX_CAN1_Init
    main.o(i.main) refers to cmsis_os2.o(i.osKernelStart) for osKernelStart
    freertos.o(i.HAL_CAN_RxFifo0MsgPendingCallback) refers to stm32f4xx_hal_can.o(i.HAL_CAN_GetRxMessage) for HAL_CAN_GetRxMessage
    freertos.o(i.HAL_CAN_RxFifo0MsgPendingCallback) refers to main.o(i.Error_Handler) for Error_Handler
    freertos.o(i.HAL_CAN_RxFifo0MsgPendingCallback) refers to cmsis_os2.o(i.osMessageQueuePut) for osMessageQueuePut
    freertos.o(i.HAL_CAN_RxFifo0MsgPendingCallback) refers to freertos.o(.data) for .data
    freertos.o(i.HAL_CAN_RxFifo0MsgPendingCallback) refers to freertos.o(.bss) for .bss
    freertos.o(i.HAL_TIM_PeriodElapsedCallback) refers to com_multibutton.o(i.button_ticks) for button_ticks
    freertos.o(i.HAL_TIM_PeriodElapsedCallback) refers to dw_main.o(i.clear_sortDistance) for clear_sortDistance
    freertos.o(i.HAL_TIM_PeriodElapsedCallback) refers to freertos.o(i.clearReceiveDis) for clearReceiveDis
    freertos.o(i.HAL_TIM_PeriodElapsedCallback) refers to stm32f4xx_hal.o(i.HAL_IncTick) for HAL_IncTick
    freertos.o(i.MX_FREERTOS_Init) refers to cmsis_os2.o(i.osMessageQueueNew) for osMessageQueueNew
    freertos.o(i.MX_FREERTOS_Init) refers to cmsis_os2.o(i.osThreadNew) for osThreadNew
    freertos.o(i.MX_FREERTOS_Init) refers to main.o(i.Error_Handler) for Error_Handler
    freertos.o(i.MX_FREERTOS_Init) refers to freertos.o(.constdata) for .constdata
    freertos.o(i.MX_FREERTOS_Init) refers to freertos.o(.data) for .data
    freertos.o(i.MX_FREERTOS_Init) refers to freertos.o(i.task0_uwb) for task0_uwb
    freertos.o(i.MX_FREERTOS_Init) refers to freertos.o(i.task1_anchorDisHandling) for task1_anchorDisHandling
    freertos.o(i.MX_FREERTOS_Init) refers to freertos.o(i.task2_canRx) for task2_canRx
    freertos.o(i.MX_FREERTOS_Init) refers to freertos.o(i.task3_canSend) for task3_canSend
    freertos.o(i.MX_FREERTOS_Init) refers to freertos.o(i.task4_rtcDate) for task4_rtcDate
    freertos.o(i.StartDefaultTask) refers to cmsis_os2.o(i.osDelay) for osDelay
    freertos.o(i.clearReceiveDis) refers to freertos.o(.data) for .data
    freertos.o(i.pause_key_handler1) refers to stm32f4xx_hal_gpio.o(i.HAL_GPIO_DeInit) for HAL_GPIO_DeInit
    freertos.o(i.pause_key_handler2) refers to memseta.o(.text) for __aeabi_memclr4
    freertos.o(i.pause_key_handler2) refers to stm32f4xx_hal_gpio.o(i.HAL_GPIO_Init) for HAL_GPIO_Init
    freertos.o(i.switch_key_handler2) refers to usart.o(i.printf_use_dma) for printf_use_dma
    freertos.o(i.switch_key_handler2) refers to freertos.o(.conststring) for .conststring
    freertos.o(i.task0_uwb) refers to dw_main.o(i.dw_main) for dw_main
    freertos.o(i.task1_anchorDisHandling) refers to dw_main.o(i.findMin) for findMin
    freertos.o(i.task1_anchorDisHandling) refers to cmsis_os2.o(i.osMessageQueuePut) for osMessageQueuePut
    freertos.o(i.task1_anchorDisHandling) refers to cmsis_os2.o(i.osMessageQueueGet) for osMessageQueueGet
    freertos.o(i.task1_anchorDisHandling) refers to stm32f4xx_hal_gpio.o(i.HAL_GPIO_TogglePin) for HAL_GPIO_TogglePin
    freertos.o(i.task1_anchorDisHandling) refers to stm32f4xx_hal_gpio.o(i.HAL_GPIO_WritePin) for HAL_GPIO_WritePin
    freertos.o(i.task1_anchorDisHandling) refers to f2d.o(.text) for __aeabi_f2d
[...]
    HAL_IncTick                              0x08001971   Thumb Code    12  stm32f4xx_hal.o(i.HAL_IncTick)
    HAL_Init                                 0x08001981   Thumb Code    48  stm32f4xx_hal.o(i.HAL_Init)
    HAL_InitTick                             0x080019b5   Thumb Code   132  stm32f4xx_hal_timebase_tim.o(i.HAL_InitTick)
    HAL_MspInit                              0x08001a4d   Thumb Code    52  stm32f4xx_hal_msp.o(i.HAL_MspInit)
    HAL_NVIC_DisableIRQ                      0x08001a85   Thumb Code    34  stm32f4xx_hal_cortex.o(i.HAL_NVIC_DisableIRQ)
    HAL_NVIC_EnableIRQ                       0x08001aa7   Thumb Code    26  stm32f4xx_hal_cortex.o(i.HAL_NVIC_EnableIRQ)
    HAL_NVIC_SetPriority                     0x08001ac1   Thumb Code    60  stm32f4xx_hal_cortex.o(i.HAL_NVIC_SetPriority)
    HAL_NVIC_SetPriorityGrouping             0x08001b01   Thumb Code    26  stm32f4xx_hal_cortex.o(i.HAL_NVIC_SetPriorityGrouping)
    HAL_RCC_ClockConfig                      0x08001b25   Thumb Code   288  stm32f4xx_hal_rcc.o(i.HAL_RCC_ClockConfig)
    HAL_RCC_GetClockConfig                   0x08001c59   Thumb Code    54  stm32f4xx_hal_rcc.o(i.HAL_RCC_GetClockConfig)
    HAL_RCC_GetPCLK1Freq                     0x08001c99   Thumb Code    20  stm32f4xx_hal_rcc.o(i.HAL_RCC_GetPCLK1Freq)
    HAL_RCC_GetPCLK2Freq                     0x08001cb9   Thumb Code    20  stm32f4xx_hal_rcc.o(i.HAL_RCC_GetPCLK2Freq)
    HAL_RCC_GetSysClockFreq                  0x08001cd9   Thumb Code    88  stm32f4xx_hal_rcc.o(i.HAL_RCC_GetSysClockFreq)
    HAL_RCC_OscConfig                        0x08001d39   Thumb Code   836  stm32f4xx_hal_rcc.o(i.HAL_RCC_OscConfig)
    HAL_SPI_GetState                         0x08002091   Thumb Code     6  stm32f4xx_hal_spi.o(i.HAL_SPI_GetState)
    HAL_SPI_Init                             0x08002097   Thumb Code   188  stm32f4xx_hal_spi.o(i.HAL_SPI_Init)
    HAL_SPI_MspInit                          0x08002155   Thumb Code   206  spi.o(i.HAL_SPI_MspInit)
    HAL_SPI_Transmit                         0x08002239   Thumb Code   362  stm32f4xx_hal_spi.o(i.HAL_SPI_Transmit)
    HAL_SPI_TransmitReceive                  0x080023a3   Thumb Code   488  stm32f4xx_hal_spi.o(i.HAL_SPI_TransmitReceive)
    HAL_TIMEx_BreakCallback                  0x0800258b   Thumb Code     2  stm32f4xx_hal_tim_ex.o(i.HAL_TIMEx_BreakCallback)
    HAL_TIMEx_CommutCallback                 0x0800258d   Thumb Code     2  stm32f4xx_hal_tim_ex.o(i.HAL_TIMEx_CommutCallback)
    HAL_TIMEx_MasterConfigSynchronization    0x08002591   Thumb Code   116  stm32f4xx_hal_tim_ex.o(i.HAL_TIMEx_MasterConfigSynchronization)
    HAL_TIM_Base_Init                        0x08002621   Thumb Code    90  stm32f4xx_hal_tim.o(i.HAL_TIM_Base_Init)
    HAL_TIM_Base_MspInit                     0x0800267d   Thumb Code    72  timer.o(i.HAL_TIM_Base_MspInit)
    HAL_TIM_Base_Start_IT                    0x080026c9   Thumb Code   100  stm32f4xx_hal_tim.o(i.HAL_TIM_Base_Start_IT)
    HAL_TIM_ConfigClockSource                0x08002749   Thumb Code   220  stm32f4xx_hal_tim.o(i.HAL_TIM_ConfigClockSource)
    HAL_TIM_IC_CaptureCallback               0x08002825   Thumb Code     2  stm32f4xx_hal_tim.o(i.HAL_TIM_IC_CaptureCallback)
    HAL_TIM_IRQHandler                       0x08002827   Thumb Code   304  stm32f4xx_hal_tim.o(i.HAL_TIM_IRQHandler)
    HAL_TIM_OC_DelayElapsedCallback          0x08002957   Thumb Code     2  stm32f4xx_hal_tim.o(i.HAL_TIM_OC_DelayElapsedCallback)
    HAL_TIM_PWM_PulseFinishedCallback        0x08002959   Thumb Code     2  stm32f4xx_hal_tim.o(i.HAL_TIM_PWM_PulseFinishedCallback)
    HAL_TIM_PeriodElapsedCallback            0x0800295d   Thumb Code    52  freertos.o(i.HAL_TIM_PeriodElapsedCallback)
    HAL_TIM_TriggerCallback                  0x08002999   Thumb Code     2  stm32f4xx_hal_tim.o(i.HAL_TIM_TriggerCallback)
    HAL_UARTEx_RxEventCallback               0x0800299b   Thumb Code     2  stm32f4xx_hal_uart.o(i.HAL_UARTEx_RxEventCallback)
    HAL_UART_ErrorCallback                   0x0800299d   Thumb Code     2  stm32f4xx_hal_uart.o(i.HAL_UART_ErrorCallback)
    HAL_UART_IRQHandler                      0x080029a1   Thumb Code   618  stm32f4xx_hal_uart.o(i.HAL_UART_IRQHandler)
    HAL_UART_Init                            0x08002c11   Thumb Code   100  stm32f4xx_hal_uart.o(i.HAL_UART_Init)
    HAL_UART_MspInit                         0x08002c75   Thumb Code   154  usart.o(i.HAL_UART_MspInit)
    HAL_UART_RxCpltCallback                  0x08002d25   Thumb Code     2  stm32f4xx_hal_uart.o(i.HAL_UART_RxCpltCallback)
    HAL_UART_Transmit                        0x08002d27   Thumb Code   160  stm32f4xx_hal_uart.o(i.HAL_UART_Transmit)
    HAL_UART_Transmit_DMA                    0x08002dc9   Thumb Code   110  stm32f4xx_hal_uart.o(i.HAL_UART_Transmit_DMA)
    HAL_UART_TxCpltCallback                  0x08002e45   Thumb Code     2  stm32f4xx_hal_uart.o(i.HAL_UART_TxCpltCallback)
    HAL_UART_TxHalfCpltCallback              0x08002e47   Thumb Code     2  stm32f4xx_hal_uart.o(i.HAL_UART_TxHalfCpltCallback)
    HardFault_Handler                        0x08002e49   Thumb Code     2  stm32f4xx_it.o(i.HardFault_Handler)
    MX_CAN1_Init                             0x08002e4d   Thumb Code   142  can.o(i.MX_CAN1_Init)
    MX_DMA_Init                              0x08002ee5   Thumb Code    40  dma.o(i.MX_DMA_Init)
    MX_FREERTOS_Init                         0x08002f11   Thumb Code   116  freertos.o(i.MX_FREERTOS_Init)
    MX_GPIO_Init                             0x08002fa1   Thumb Code   264  gpio.o(i.MX_GPIO_Init)
    MX_SPI1_Init                             0x080030b9   Thumb Code    60  spi.o(i.MX_SPI1_Init)
    MX_SPI2_Init                             0x080030fd   Thumb Code    60  spi.o(i.MX_SPI2_Init)
    MX_TIM2_Init                             0x08003141   Thumb Code   126  timer.o(i.MX_TIM2_Init)
    MX_TIM3_Init                             0x080031cd   Thumb Code   122  timer.o(i.MX_TIM3_Init)
    MX_UART4_Init                            0x08003259   Thumb Code    48  usart.o(i.MX_UART4_Init)
    MemManage_Handler                        0x08003291   Thumb Code     2  stm32f4xx_it.o(i.MemManage_Handler)
    NMI_Handler                              0x08003293   Thumb Code     2  stm32f4xx_it.o(i.NMI_Handler)
    Report_Dis                               0x080032b1   Thumb Code   958  usart_voice.o(i.Report_Dis)
    Sleep                                    0x08003841   Thumb Code     4  deca_port.o(i.Sleep)
    SysTick_Handler                          0x08003845   Thumb Code    26  cmsis_os2.o(i.SysTick_Handler)
    SystemClock_Config                       0x08003861   Thumb Code   142  main.o(i.SystemClock_Config)
    SystemInit                               0x080038f9   Thumb Code    12  system_stm32f4xx.o(i.SystemInit)
    TIM2_IRQHandler                          0x08003909   Thumb Code     6  stm32f4xx_it.o(i.TIM2_IRQHandler)
    TIM3_IRQHandler                          0x08003915   Thumb Code     6  stm32f4xx_it.o(i.TIM3_IRQHandler)
    TIM6_DAC_IRQHandler                      0x08003921   Thumb Code     6  stm32f4xx_it.o(i.TIM6_DAC_IRQHandler)
    TIM_Base_SetConfig                       0x0800392d   Thumb Code   170  stm32f4xx_hal_tim.o(i.TIM_Base_SetConfig)
    TIM_ETR_SetConfig                        0x08003a05   Thumb Code    20  stm32f4xx_hal_tim.o(i.TIM_ETR_SetConfig)
    UART4_IRQHandler                         0x08003a71   Thumb Code     6  stm32f4xx_it.o(i.UART4_IRQHandler)
    UsageFault_Handler                       0x08003dcd   Thumb Code     2  stm32f4xx_it.o(i.UsageFault_Handler)
    Voice                                    0x08003dd1   Thumb Code    10  usart_voice.o(i.Voice)
    __0printf                                0x08003de1   Thumb Code    22  printfa.o(i.__0printf)
    __1printf                                0x08003de1   Thumb Code     0  printfa.o(i.__0printf)
    __2printf                                0x08003de1   Thumb Code     0  printfa.o(i.__0printf)
    __c89printf                              0x08003de1   Thumb Code     0  printfa.o(i.__0printf)
    printf                                   0x08003de1   Thumb Code     0  printfa.o(i.__0printf)
    __0sprintf                               0x08003e01   Thumb Code    34  printfa.o(i.__0sprintf)
    __1sprintf                               0x08003e01   Thumb Code     0  printfa.o(i.__0sprintf)
    __2sprintf                               0x08003e01   Thumb Code     0  printfa.o(i.__0sprintf)
    __c89sprintf                             0x08003e01   Thumb Code     0  printfa.o(i.__0sprintf)
    sprintf                                  0x08003e01   Thumb Code     0  printfa.o(i.__0sprintf)
    __0vsnprintf                             0x08003e29   Thumb Code    46  printfa.o(i.__0vsnprintf)
    __1vsnprintf                             0x08003e29   Thumb Code     0  printfa.o(i.__0vsnprintf)
    __2vsnprintf                             0x08003e29   Thumb Code     0  printfa.o(i.__0vsnprintf)
    __c89vsnprintf                           0x08003e29   Thumb Code     0  printfa.o(i.__0vsnprintf)
    vsnprintf                                0x08003e29   Thumb Code     0  printfa.o(i.__0vsnprintf)
    __scatterload_copy                       0x08003e7d   Thumb Code    14  handlers.o(i.__scatterload_copy)
    __scatterload_null                       0x08003e8b   Thumb Code     2  handlers.o(i.__scatterload_null)
    __scatterload_zeroinit                   0x08003e8d   Thumb Code    14  handlers.o(i.__scatterload_zeroinit)
    _dwt_aonarrayupload                      0x08003e9b   Thumb Code    26  deca_device.o(i._dwt_aonarrayupload)
    _dwt_configlde                           0x08003eb5   Thumb Code    42  deca_device.o(i._dwt_configlde)
    _dwt_disablesequencing                   0x08003edf   Thumb Code    22  deca_device.o(i._dwt_disablesequencing)
    _dwt_enableclocks                        0x08003ef5   Thumb Code   206  deca_device.o(i._dwt_enableclocks)
    _dwt_loaducodefromrom                    0x08003fc3   Thumb Code    36  deca_device.o(i._dwt_loaducodefromrom)
    _dwt_otpread                             0x08003fe7   Thumb Code    44  deca_device.o(i._dwt_otpread)
    anc_rx_err_cb                            0x080048c1   Thumb Code     8  instance_anchor.o(i.anc_rx_err_cb)
    anc_rx_ok_cb                             0x080048cd   Thumb Code    22  instance_anchor.o(i.anc_rx_ok_cb)
    anc_rx_to_cb                             0x080048ed   Thumb Code     8  instance_anchor.o(i.anc_rx_to_cb)
    anc_tx_conf_cb                           0x080048f9   Thumb Code     8  instance_anchor.o(i.anc_tx_conf_cb)
    anchor_app                               0x08004905   Thumb Code  1478  instance_anchor.o(i.anchor_app)
    button_attach                            0x08004f1d   Thumb Code     8  com_multibutton.o(i.button_attach)
    button_init                              0x080050db   Thumb Code    54  com_multibutton.o(i.button_init)
    button_start                             0x08005111   Thumb Code    32  com_multibutton.o(i.button_start)
    button_ticks                             0x08005135   Thumb Code    22  com_multibutton.o(i.button_ticks)
    canSendMsg                               0x08005151   Thumb Code    46  can.o(i.canSendMsg)
    clearReceiveDis                          0x08005189   Thumb Code    12  freertos.o(i.clearReceiveDis)
    clear_sortDistance                       0x0800519d   Thumb Code    26  dw_main.o(i.clear_sortDistance)
    deca_sleep                               0x080051c1   Thumb Code     4  deca_sleep.o(i.deca_sleep)
    decamutexoff                             0x080051c5   Thumb Code    10  deca_mutex.o(i.decamutexoff)
    decamutexon                              0x080051cf   Thumb Code    18  deca_mutex.o(i.decamutexon)
    dw_main                                  0x080051e1   Thumb Code    72  dw_main.o(i.dw_main)
    dwt_configure                            0x08005269   Thumb Code   488  deca_device.o(i.dwt_configure)
    dwt_configuretxrf                        0x08005481   Thumb Code    28  deca_device.o(i.dwt_configuretxrf)
    dwt_enableframefilter                    0x0800549d   Thumb Code    56  deca_device.o(i.dwt_enableframefilter)
    dwt_forcetrxoff                          0x080054dd   Thumb Code    78  deca_device.o(i.dwt_forcetrxoff)
    dwt_getrangebias                         0x08005535   Thumb Code   214  deca_range_tables.o(i.dwt_getrangebias)
    dwt_initialise                           0x08005625   Thumb Code   246  deca_device.o(i.dwt_initialise)
    dwt_isr                                  0x08005725   Thumb Code   286  deca_device.o(i.dwt_isr)
    dwt_read16bitoffsetreg                   0x0800584d   Thumb Code    30  deca_device.o(i.dwt_read16bitoffsetreg)
    dwt_read32bitoffsetreg                   0x0800586b   Thumb Code    34  deca_device.o(i.dwt_read32bitoffsetreg)
    dwt_read8bitoffsetreg                    0x0800588d   Thumb Code    20  deca_device.o(i.dwt_read8bitoffsetreg)
    dwt_readdevid                            0x080058a1   Thumb Code     8  deca_device.o(i.dwt_readdevid)
    dwt_readfromdevice                       0x080058a9   Thumb Code    58  deca_device.o(i.dwt_readfromdevice)
    dwt_readrxdata                           0x080058e3   Thumb Code    18  deca_device.o(i.dwt_readrxdata)
    dwt_readrxtimestamp                      0x080058f5   Thumb Code    12  deca_device.o(i.dwt_readrxtimestamp)
    dwt_readtxtimestamp                      0x08005901   Thumb Code    12  deca_device.o(i.dwt_readtxtimestamp)
    dwt_rxenable                             0x0800590d   Thumb Code    78  deca_device.o(i.dwt_rxenable)
    dwt_rxreset                              0x0800595b   Thumb Code    26  deca_device.o(i.dwt_rxreset)
    dwt_setaddress16                         0x08005975   Thumb Code    10  deca_device.o(i.dwt_setaddress16)
    dwt_setcallbacks                         0x08005981   Thumb Code    14  deca_device.o(i.dwt_setcallbacks)
    dwt_setdelayedtrxtime                    0x08005995   Thumb Code    10  deca_device.o(i.dwt_setdelayedtrxtime)
    dwt_setinterrupt                         0x0800599f   Thumb Code    48  deca_device.o(i.dwt_setinterrupt)
    dwt_setleds                              0x080059d1   Thumb Code   110  deca_device.o(i.dwt_setleds)
    dwt_setlnapamode                         0x08005a45   Thumb Code    42  deca_device.o(i.dwt_setlnapamode)
    dwt_setpanid                             0x08005a6f   Thumb Code    10  deca_device.o(i.dwt_setpanid)
    dwt_setpreambledetecttimeout             0x08005a79   Thumb Code    10  deca_device.o(i.dwt_setpreambledetecttimeout)
    dwt_setrxantennadelay                    0x08005a83   Thumb Code    12  deca_device.o(i.dwt_setrxantennadelay)
    dwt_setrxtimeout                         0x08005a91   Thumb Code    68  deca_device.o(i.dwt_setrxtimeout)
    dwt_settxantennadelay                    0x08005ad9   Thumb Code    10  deca_device.o(i.dwt_settxantennadelay)
    dwt_setxtaltrim                          0x08005ae3   Thumb Code    16  deca_device.o(i.dwt_setxtaltrim)
    dwt_softreset                            0x08005af5   Thumb Code    66  deca_device.o(i.dwt_softreset)
    dwt_starttx                              0x08005b3d   Thumb Code   102  deca_device.o(i.dwt_starttx)
    dwt_syncrxbufptrs                        0x08005ba9   Thumb Code    40  deca_device.o(i.dwt_syncrxbufptrs)
    dwt_write16bitoffsetreg                  0x08005bd1   Thumb Code    26  deca_device.o(i.dwt_write16bitoffsetreg)
    dwt_write32bitoffsetreg                  0x08005beb   Thumb Code    30  deca_device.o(i.dwt_write32bitoffsetreg)
    dwt_write8bitoffsetreg                   0x08005c09   Thumb Code    16  deca_device.o(i.dwt_write8bitoffsetreg)
    dwt_writetodevice                        0x08005c19   Thumb Code    62  deca_device.o(i.dwt_writetodevice)
    dwt_writetxdata                          0x08005c57   Thumb Code    34  deca_device.o(i.dwt_writetxdata)
    dwt_writetxfctrl                         0x08005c79   Thumb Code    24  deca_device.o(i.dwt_writetxfctrl)
    final_msg_get_ts                         0x08005c95   Thumb Code    28  deca_device.o(i.final_msg_get_ts)
    findMin                                  0x08005cb1   Thumb Code    44  dw_main.o(i.findMin)
    fputc                                    0x08005d01   Thumb Code    20  usart.o(i.fputc)
    get_rx_timestamp_u64                     0x08005d19   Thumb Code    42  deca_device.o(i.get_rx_timestamp_u64)
    get_tx_timestamp_u64                     0x08005d43   Thumb Code    42  deca_device.o(i.get_tx_timestamp_u64)
    main                                     0x08005d6d   Thumb Code    70  main.o(i.main)
    osDelay                                  0x08005db3   Thumb Code    26  cmsis_os2.o(i.osDelay)
    osDelayUntil                             0x08005dcd   Thumb Code    46  cmsis_os2.o(i.osDelayUntil)
    osKernelGetTickCount                     0x08005dfb   Thumb Code    14  cmsis_os2.o(i.osKernelGetTickCount)
    osKernelInitialize                       0x08005e09   Thumb Code    32  cmsis_os2.o(i.osKernelInitialize)
    osKernelStart                            0x08005e2d   Thumb Code    48  cmsis_os2.o(i.osKernelStart)
    osMessageQueueGet                        0x08005e65   Thumb Code    96  cmsis_os2.o(i.osMessageQueueGet)
    osMessageQueueNew                        0x08005ec9   Thumb Code    88  cmsis_os2.o(i.osMessageQueueNew)
    osMessageQueuePut                        0x08005f21   Thumb Code   100  cmsis_os2.o(i.osMessageQueuePut)
    osThreadNew                              0x08005f89   Thumb Code   136  cmsis_os2.o(i.osThreadNew)
    pause_key_handler1                       0x08006011   Thumb Code    10  freertos.o(i.pause_key_handler1)
    pause_key_handler2                       0x08006021   Thumb Code    40  freertos.o(i.pause_key_handler2)
    pause_key_init                           0x0800604d   Thumb Code    44  gpio.o(i.pause_key_init)
    portGetTickCnt                           0x08006089   Thumb Code    14  deca_port.o(i.portGetTickCnt)
    port_DisableEXT_IRQ                      0x0800609d   Thumb Code    20  deca_port.o(i.port_DisableEXT_IRQ)
    port_EnableEXT_IRQ                       0x080060b5   Thumb Code    12  deca_port.o(i.port_EnableEXT_IRQ)
    port_GetEXT_IRQStatus                    0x080060c5   Thumb Code     6  deca_port.o(i.port_GetEXT_IRQStatus)
    port_set_dw1000_fastrate                 0x080060cd   Thumb Code    12  deca_port.o(i.port_set_dw1000_fastrate)
    port_set_dw1000_slowrate                 0x080060dd   Thumb Code    12  deca_port.o(i.port_set_dw1000_slowrate)
    port_wakeup_IC                           0x080060ed   Thumb Code    40  deca_port.o(i.port_wakeup_IC)
    print_config                             0x08006119   Thumb Code   236  dw_main.o(i.print_config)
    printf_use_dma                           0x080063a1   Thumb Code    36  usart.o(i.printf_use_dma)
    process_deca_irq                         0x080063c9   Thumb Code    28  deca_port.o(i.process_deca_irq)
    pvPortMalloc                             0x08006b75   Thumb Code   216  heap_4.o(i.pvPortMalloc)
    pxPortInitialiseStack                    0x08006c51   Thumb Code    40  port.o(i.pxPortInitialiseStack)
    readfromspi                              0x08006c7d   Thumb Code    96  deca_spi.o(i.readfromspi)
    reset_DW1000                             0x08006ce5   Thumb Code    60  deca_port.o(i.reset_DW1000)
    setElement                               0x08006d25   Thumb Code    20  dw_main.o(i.setElement)
    setup_DW1000RSTnIRQ                      0x08006d39   Thumb Code   100  deca_port.o(i.setup_DW1000RSTnIRQ)
    switch_key_handler1                      0x08006da1   Thumb Code     2  freertos.o(i.switch_key_handler1)
    switch_key_handler2                      0x08006da5   Thumb Code     6  freertos.o(i.switch_key_handler2)
    switch_key_init                          0x08006db1   Thumb Code    44  gpio.o(i.switch_key_init)
    task0_uwb                                0x08006ded   Thumb Code     4  freertos.o(i.task0_uwb)
    task1_anchorDisHandling                  0x08006df1   Thumb Code   234  freertos.o(i.task1_anchorDisHandling)
    task2_canRx                              0x08006f19   Thumb Code    74  freertos.o(i.task2_canRx)
    task3_canSend                            0x08006f75   Thumb Code    54  freertos.o(i.task3_canSend)
    task4_rtcDate                            0x08006fb1   Thumb Code     2  freertos.o(i.task4_rtcDate)
    usleep                                   0x08006fb3   Thumb Code    26  deca_port.o(i.usleep)
    uwb_init                                 0x08006fcd   Thumb Code   364  dw_main.o(i.uwb_init)
    uxListRemove                             0x08007169   Thumb Code    38  list.o(i.uxListRemove)
    vApplicationGetIdleTaskMemory            0x08007191   Thumb Code    16  cmsis_os2.o(i.vApplicationGetIdleTaskMemory)
    vApplicationGetTimerTaskMemory           0x080071a5   Thumb Code    18  cmsis_os2.o(i.vApplicationGetTimerTaskMemory)
    vListInitialise                          0x080071bd   Thumb Code    22  list.o(i.vListInitialise)
    vListInitialiseItem                      0x080071d3   Thumb Code     6  list.o(i.vListInitialiseItem)
    vListInsert                              0x080071d9   Thumb Code    48  list.o(i.vListInsert)
    vListInsertEnd                           0x08007209   Thumb Code    24  list.o(i.vListInsertEnd)
    vPortEnterCritical                       0x08007221   Thumb Code    54  port.o(i.vPortEnterCritical)
    vPortExitCritical                        0x08007261   Thumb Code    34  port.o(i.vPortExitCritical)
    vPortFree                                0x08007289   Thumb Code    94  heap_4.o(i.vPortFree)
    vPortSetupTimerInterrupt                 0x080072ed   Thumb Code    32  port.o(i.vPortSetupTimerInterrupt)
    vPortValidateInterruptPriority           0x08007311   Thumb Code    74  port.o(i.vPortValidateInterruptPriority)
    vQueueAddToRegistry                      0x08007365   Thumb Code    32  queue.o(i.vQueueAddToRegistry)
    vQueueWaitForMessageRestricted           0x08007389   Thumb Code    68  queue.o(i.vQueueWaitForMessageRestricted)
    vTaskDelay                               0x080073cd   Thumb Code    66  tasks.o(i.vTaskDelay)
    vTaskDelayUntil                          0x08007419   Thumb Code   136  tasks.o(i.vTaskDelayUntil)
    vTaskInternalSetTimeOutState             0x080074a9   Thumb Code    12  tasks.o(i.vTaskInternalSetTimeOutState)
    vTaskMissedYield                         0x080074b9   Thumb Code     8  tasks.o(i.vTaskMissedYield)
    vTaskPlaceOnEventList                    0x080074c5   Thumb Code    44  tasks.o(i.vTaskPlaceOnEventList)
    vTaskPlaceOnEventListRestricted          0x080074f5   Thumb Code    52  tasks.o(i.vTaskPlaceOnEventListRestricted)
    vTaskStartScheduler                      0x0800752d   Thumb Code   116  tasks.o(i.vTaskStartScheduler)
    vTaskSuspendAll                          0x080075b1   Thumb Code    10  tasks.o(i.vTaskSuspendAll)
    vTaskSwitchContext                       0x080075c1   Thumb Code    90  tasks.o(i.vTaskSwitchContext)
    writetospi                               0x08007625   Thumb Code    86  deca_spi.o(i.writetospi)
    xPortStartScheduler                      0x08007685   Thumb Code   224  port.o(i.xPortStartScheduler)
    xPortSysTickHandler                      0x08007779   Thumb Code    38  port.o(i.xPortSysTickHandler)
    xQueueGenericCreate                      0x080077a5   Thumb Code    66  queue.o(i.xQueueGenericCreate)
    xQueueGenericCreateStatic                0x080077e7   Thumb Code   102  queue.o(i.xQueueGenericCreateStatic)
    xQueueGenericReset                       0x0800784d   Thumb Code   132  queue.o(i.xQueueGenericReset)
    xQueueGenericSend                        0x080078d5   Thumb Code   350  queue.o(i.xQueueGenericSend)
    xQueueGenericSendFromISR                 0x08007a39   Thumb Code   190  queue.o(i.xQueueGenericSendFromISR)
    xQueueReceive                            0x08007af9   Thumb Code   308  queue.o(i.xQueueReceive)
    xQueueReceiveFromISR                     0x08007c31   Thumb Code   154  queue.o(i.xQueueReceiveFromISR)
    xTaskCheckForTimeOut                     0x08007ccd   Thumb Code   112  tasks.o(i.xTaskCheckForTimeOut)
    xTaskCreate                              0x08007d41   Thumb Code    90  tasks.o(i.xTaskCreate)
    xTaskCreateStatic                        0x08007d9b   Thumb Code    90  tasks.o(i.xTaskCreateStatic)
    xTaskGetSchedulerState                   0x08007df5   Thumb Code    22  tasks.o(i.xTaskGetSchedulerState)
    xTaskGetTickCount                        0x08007e11   Thumb Code     6  tasks.o(i.xTaskGetTickCount)
    xTaskGetTickCountFromISR                 0x08007e1d   Thumb Code    12  tasks.o(i.xTaskGetTickCountFromISR)
    xTaskIncrementTick                       0x08007e2d   Thumb Code   192  tasks.o(i.xTaskIncrementTick)
    xTaskPriorityDisinherit                  0x08007ef5   Thumb Code   116  tasks.o(i.xTaskPriorityDisinherit)
    xTaskRemoveFromEventList                 0x08007f71   Thumb Code    98  tasks.o(i.xTaskRemoveFromEventList)
    xTaskResumeAll                           0x08007fe1   Thumb Code   180  tasks.o(i.xTaskResumeAll)
    xTimerCreateTimerTask                    0x080080a1   Thumb Code    78  timers.o(i.xTimerCreateTimerTask)
    xTimerGenericCommand                     0x08008101   Thumb Code    94  timers.o(i.xTimerGenericCommand)
    minDisQueue_attr                         0x08008164   Data          24  freertos.o(.constdata)
    rxDisQueue_attr                          0x0800817c   Data          24  freertos.o(.constdata)
    task0_uwb_attr                           0x08008194   Data          36  freertos.o(.constdata)
    task1_anchorDisHandling_attr             0x080081b8   Data          36  freertos.o(.constdata)
    task2_canRx_attr                         0x080081dc   Data          36  freertos.o(.constdata)
    task3_canSend_attr                       0x08008200   Data          36  freertos.o(.constdata)
    task4_rtcDate_attr                       0x08008224   Data          36  freertos.o(.constdata)
    chan_idx                                 0x08008248   Data           8  deca_params_init.o(.constdata)
    tx_config                                0x08008250   Data          24  deca_params_init.o(.constdata)
    fs_pll_cfg                               0x08008268   Data          24  deca_params_init.o(.constdata)
    fs_pll_tune                              0x08008280   Data           6  deca_params_init.o(.constdata)
    rx_config                                0x08008286   Data           2  deca_params_init.o(.constdata)
    agc_config                               0x08008288   Data           8  deca_params_init.o(.constdata)
    dwnsSFDlen                               0x08008290   Data           3  deca_params_init.o(.constdata)
    sftsh                                    0x08008294   Data          12  deca_params_init.o(.constdata)
    dtune1                                   0x080082a0   Data           4  deca_params_init.o(.constdata)
    digital_bb_config                        0x080082a4   Data          32  deca_params_init.o(.constdata)
    lde_replicaCoeff                         0x080082c4   Data          50  deca_params_init.o(.constdata)
    chan_idxnb                               0x080082f6   Data           8  deca_range_tables.o(.constdata)
    chan_idxwb                               0x080082fe   Data           8  deca_range_tables.o(.constdata)
    range25cm16PRFnb                         0x08008306   Data         148  deca_range_tables.o(.constdata)
    range25cm16PRFwb                         0x0800839a   Data         136  deca_range_tables.o(.constdata)
    range25cm64PRFnb                         0x08008422   Data         104  deca_range_tables.o(.constdata)
    range25cm64PRFwb                         0x0800848a   Data         118  deca_range_tables.o(.constdata)
    AHBPrescTable                            0x08008500   Data          16  system_stm32f4xx.o(.constdata)
    APBPrescTable                            0x08008510   Data           8  system_stm32f4xx.o(.constdata)
    Region$$Table$$Base                      0x080085cc   Number         0  anon$$obj.o(Region$$Table)
    Region$$Table$$Limit                     0x080085ec   Number         0  anon$$obj.o(Region$$Table)
    anchorCanExtId                           0x20000000   Data           4  freertos.o(.data)
    anchorSelfDis                            0x20000008   Data           4  freertos.o(.data)
    anchorRxDis                              0x2000000c   Data           4  freertos.o(.data)
    anchorFinalDis                           0x20000010   Data           4  freertos.o(.data)
    minDisQueue                              0x20000018   Data           4  freertos.o(.data)
    rxDisQueue                               0x2000001c   Data           4  freertos.o(.data)
    task0_uwb_Handle                         0x20000020   Data           4  freertos.o(.data)
    task1_anchorDisHandling_Handle           0x20000024   Data           4  freertos.o(.data)
    task2_canRx_Handle                       0x20000028   Data           4  freertos.o(.data)
    task3_canSend_Handle                     0x2000002c   Data           4  freertos.o(.data)
    task4_rtcDate_Handle                     0x20000030   Data           4  freertos.o(.data)
    RxData                                   0x20000034   Data           8  freertos.o(.data)
    canSendBuf                               0x2000003c   Data           8  freertos.o(.data)
    uwPrescalerValue                         0x20000044   Data           4  timer.o(.data)
    voice_up                                 0x20000048   Data           4  usart_voice.o(.data)
    voice_shezhi                             0x2000004c   Data           5  usart_voice.o(.data)
    voice_buf_0                              0x20000051   Data          14  usart_voice.o(.data)
    voice_buf_1                              0x2000005f   Data          14  usart_voice.o(.data)
    voice_buf_2                              0x2000006d   Data          14  usart_voice.o(.data)
    voice_buf_3                              0x2000007b   Data          14  usart_voice.o(.data)
    voice_buf_4                              0x20000089   Data          14  usart_voice.o(.data)
    voice_buf_5                              0x20000097   Data          14  usart_voice.o(.data)
    voice_buf_6                              0x200000a5   Data          14  usart_voice.o(.data)
    voice_buf_7                              0x200000b3   Data          14  usart_voice.o(.data)
    voice_buf_8                              0x200000c1   Data          14  usart_voice.o(.data)
    voice_buf_9                              0x200000cf   Data          14  usart_voice.o(.data)
    voice_buf_10                             0x200000dd   Data          14  usart_voice.o(.data)
    voice_buf_15                             0x200000eb   Data          14  usart_voice.o(.data)
    voice_buf_20                             0x200000f9   Data          14  usart_voice.o(.data)
    voice_buf_25                             0x20000107   Data          14  usart_voice.o(.data)
    voice_buf_30                             0x20000115   Data          14  usart_voice.o(.data)
    voice_buf_35                             0x20000123   Data          14  usart_voice.o(.data)
    voice_buf_40                             0x20000131   Data          14  usart_voice.o(.data)
    voice_buf_45                             0x2000013f   Data          14  usart_voice.o(.data)
    voice_buf_50                             0x2000014d   Data          14  usart_voice.o(.data)
    voice_buf_55                             0x2000015b   Data          14  usart_voice.o(.data)
    voice_buf_60                             0x20000169   Data          14  usart_voice.o(.data)
    voice_buf_65                             0x20000177   Data          14  usart_voice.o(.data)
    voice_buf_70                             0x20000185   Data          14  usart_voice.o(.data)
    voice_buf_75                             0x20000193   Data          14  usart_voice.o(.data)
    voice_buf_80                             0x200001a1   Data          14  usart_voice.o(.data)
    voice_buf_85                             0x200001af   Data          14  usart_voice.o(.data)
    voice_buf_90                             0x200001bd   Data          14  usart_voice.o(.data)
    voice_buf_95                             0x200001cb   Data          14  usart_voice.o(.data)
    voice_buf_100                            0x200001d9   Data          14  usart_voice.o(.data)
    voice_buf_110                            0x200001e7   Data          14  usart_voice.o(.data)
    voice_buf_120                            0x200001f5   Data          14  usart_voice.o(.data)
    voice_buf_130                            0x20000203   Data          14  usart_voice.o(.data)
    voice_buf_140                            0x20000211   Data          14  usart_voice.o(.data)
    voice_buf_150                            0x2000021f   Data          14  usart_voice.o(.data)
    voice_buf_160                            0x2000022d   Data          14  usart_voice.o(.data)
    voice_buf_170                            0x2000023b   Data          14  usart_voice.o(.data)
    voice_buf_180                            0x20000249   Data          14  usart_voice.o(.data)
    voice_buf_190                            0x20000257   Data          14  usart_voice.o(.data)
    voice_buf_200                            0x20000265   Data          14  usart_voice.o(.data)
    voice_buf_250                            0x20000273   Data          14  usart_voice.o(.data)
    voice_buf_300                            0x20000281   Data          14  usart_voice.o(.data)
    voice_buf_350                            0x2000028f   Data          14  usart_voice.o(.data)
    voice_buf_400                            0x2000029d   Data          14  usart_voice.o(.data)
    voice_buf_450                            0x200002ab   Data          14  usart_voice.o(.data)
    voice_buf_500                            0x200002b9   Data          14  usart_voice.o(.data)
    switch8                                  0x200002c8   Data           1  dw_main.o(.data)
    instance_mode                            0x200002c9   Data           1  dw_main.o(.data)
    state                                    0x200002ca   Data           1  dw_main.o(.data)
    range_nb                                 0x200002cb   Data           1  dw_main.o(.data)
    range_status                             0x200002cc   Data           1  dw_main.o(.data)
    dev_id                                   0x200002cd   Data           1  dw_main.o(.data)
    group_id                                 0x200002ce   Data           1  dw_main.o(.data)
    anc_id                                   0x200002cf   Data           1  dw_main.o(.data)
    tag_id                                   0x200002d0   Data           1  dw_main.o(.data)
    inst_dataRate                            0x200002d1   Data           1  dw_main.o(.data)
    inst_ch                                  0x200002d2   Data           1  dw_main.o(.data)
    inst_one_slot_time                       0x200002d3   Data           1  dw_main.o(.data)
    ant_dly                                  0x200002d4   Data           2  dw_main.o(.data)
    inst_slot_number                         0x200002d6   Data           2  dw_main.o(.data)
    range_time                               0x200002d8   Data           4  dw_main.o(.data)
    inst_final_rx_timeout                    0x200002dc   Data           4  dw_main.o(.data)
    inst_resp_rx_timeout                     0x200002e0   Data           4  dw_main.o(.data)
    inst_data_interval                       0x200002e4   Data           4  dw_main.o(.data)
    tx_power                                 0x200002e8   Data           4  dw_main.o(.data)
    inst_poll2final_time                     0x200002f8   Data           8  dw_main.o(.data)
    sort_distance                            0x20000300   Data         160  dw_main.o(.data)
    frame_seq_nb                             0x200003dc   Data           1  dw_main.o(.data)
    sos                                      0x200003dd   Data           1  dw_main.o(.data)
    recv_tag_id                              0x200003de   Data           1  dw_main.o(.data)
    inst_prf                                 0x200003df   Data           1  dw_main.o(.data)
    distance_now_m                           0x200003e0   Data           8  dw_main.o(.data)
    sys_time_diff                            0x20000420   Data           4  deca_port.o(.data)
    SystemCoreClock                          0x2000042c   Data           4  system_stm32f4xx.o(.data)
    uwTickFreq                               0x20000430   Data           1  stm32f4xx_hal.o(.data)
    uwTickPrio                               0x20000434   Data           4  stm32f4xx_hal.o(.data)
    uwTick                                   0x20000438   Data           4  stm32f4xx_hal.o(.data)
    pxCurrentTCB                             0x2000043c   Data           4  tasks.o(.data)
    __stdout                                 0x200004bc   Data           4  stdout.o(.data)
    RxHeader                                 0x200004c0   Data          28  freertos.o(.bss)
    minDisQueueBuffer                        0x200004dc   Data         192  freertos.o(.bss)
    minDisQueueCB                            0x2000059c   Data          80  freertos.o(.bss)
    rxDisQueueBuffer                         0x200005ec   Data         192  freertos.o(.bss)
    rxDisQueueCB                             0x200006ac   Data          80  freertos.o(.bss)
    hcan1                                    0x200006fc   Data          40  can.o(.bss)
    pause_key                                0x20000724   Data          44  gpio.o(.bss)
    switch_key                               0x20000750   Data          44  gpio.o(.bss)
    hiwdg                                    0x2000077c   Data          12  iwdg.o(.bss)
    hspi1                                    0x20000848   Data          88  spi.o(.bss)
    hspi2                                    0x200008a0   Data          88  spi.o(.bss)
    htimer2                                  0x200008f8   Data          72  timer.o(.bss)
    htimer3                                  0x20000940   Data          72  timer.o(.bss)
    huart4                                   0x20000988   Data          72  usart.o(.bss)
    hdma_uart4_tx                            0x200009d0   Data          96  usart.o(.bss)
    debug_buff                               0x20000a30   Data         256  usart.o(.bss)
    htim6                                    0x20000b30   Data          72  stm32f4xx_hal_timebase_tim.o(.bss)
    distance_report                          0x20000b78   Data          32  dw_main.o(.bss)
    group_report                             0x20000b98   Data          32  dw_main.o(.bss)
    user_data                                0x20000bb8   Data          40  dw_main.o(.bss)
    xQueueRegistry                           0x20000dd8   Data          64  queue.o(.bss)
    __initial_sp                             0x20005eb0   Data           0  startup_stm32f405xx.o(STACK)



==============================================================================

Memory Map of the image

  Image Entry point : 0x08000189

  Load Region LR_IROM1 (Base: 0x08000000, Size: 0x00008aac, Max: 0x00100000, ABSOLUTE, COMPRESSED[0x00008750])

    Execution Region ER_IROM1 (Exec base: 0x08000000, Load base: 0x08000000, Size: 0x000085ec, Max: 0x00100000, ABSOLUTE)

    Exec Addr    Load Addr    Size         Type   Attr      Idx    E Section Name        Object

    0x08000000   0x08000000   0x00000188   Data   RO         2099    RESET               startup_stm32f405xx.o
    0x08000188   0x08000188   0x00000000   Code   RO         7391  * .ARM.Collect$$$$00000000  mc_w.l(entry.o)
    0x08000188   0x08000188   0x00000004   Code   RO         7736    .ARM.Collect$$$$00000001  mc_w.l(entry2.o)
    0x0800018c   0x0800018c   0x00000004   Code   RO         7739    .ARM.Collect$$$$00000004  mc_w.l(entry5.o)
    0x08000190   0x08000190   0x00000000   Code   RO         7741    .ARM.Collect$$$$00000008  mc_w.l(entry7b.o)
    0x08000190   0x08000190   0x00000000   Code   RO         7743    .ARM.Collect$$$$0000000A  mc_w.l(entry8b.o)
    0x08000190   0x08000190   0x00000008   Code   RO         7744    .ARM.Collect$$$$0000000B  mc_w.l(entry9a.o)
    0x08000198   0x08000198   0x00000004   Code   RO         7751    .ARM.Collect$$$$0000000E  mc_w.l(entry12b.o)
    0x0800019c   0x0800019c   0x00000000   Code   RO         7746    .ARM.Collect$$$$0000000F  mc_w.l(entry10a.o)
    0x0800019c   0x0800019c   0x00000000   Code   RO         7748    .ARM.Collect$$$$00000011  mc_w.l(entry11a.o)
    0x0800019c   0x0800019c   0x00000004   Code   RO         7737    .ARM.Collect$$$$00002712  mc_w.l(entry2.o)
    0x080001a0   0x080001a0   0x000000be   Code   RO         7288    .emb_text           port.o
    0x0800025e   0x0800025e   0x00000002   PAD
    0x08000260   0x08000260   0x00000024   Code   RO         2100    .text               startup_stm32f405xx.o
    0x08000284   0x08000284   0x00000062   Code   RO         7394    .text               mc_w.l(uldiv.o)
    0x080002e6   0x080002e6   0x00000024   Code   RO         7396    .text               mc_w.l(memcpya.o)
    0x0800030a   0x0800030a   0x00000024   Code   RO         7400    .text               mc_w.l(memseta.o)
    0x0800032e   0x0800032e   0x0000014e   Code   RO         7665    .text               mf_w.l(dadd.o)
    0x0800047c   0x0800047c   0x000000e4   Code   RO         7667    .text               mf_w.l(dmul.o)
    0x08000560   0x08000560   0x000000de   Code   RO         7669    .text               mf_w.l(ddiv.o)
    0x0800063e   0x0800063e   0x00000022   Code   RO         7671    .text               mf_w.l(dflti.o)
    0x08000660   0x08000660   0x0000001a   Code   RO         7673    .text               mf_w.l(dfltui.o)
    0x0800067a   0x0800067a   0x0000003e   Code   RO         7675    .text               mf_w.l(dfixi.o)
    0x080006b8   0x080006b8   0x0000004a   Code   RO         7677    .text               mf_w.l(dfixl.o)
    0x08000702   0x08000702   0x00000026   Code   RO         7679    .text               mf_w.l(f2d.o)
    0x08000728   0x08000728   0x00000030   Code   RO         7681    .text               mf_w.l(cdrcmple.o)
    0x08000758   0x08000758   0x00000038   Code   RO         7683    .text               mf_w.l(d2f.o)
    0x08000790   0x08000790   0x0000002c   Code   RO         7753    .text               mc_w.l(uidiv.o)
    0x080007bc   0x080007bc   0x0000001e   Code   RO         7755    .text               mc_w.l(llshl.o)
    0x080007da   0x080007da   0x00000020   Code   RO         7757    .text               mc_w.l(llushr.o)
    0x080007fa   0x080007fa   0x00000024   Code   RO         7759    .text               mc_w.l(llsshr.o)
    0x0800081e   0x0800081e   0x00000000   Code   RO         7768    .text               mc_w.l(iusefp.o)
    0x0800081e   0x0800081e   0x0000006e   Code   RO         7769    .text               mf_w.l(fepilogue.o)
    0x0800088c   0x0800088c   0x000000ba   Code   RO         7771    .text               mf_w.l(depilogue.o)
    0x08000946   0x08000946   0x00000030   Code   RO         7777    .text               mf_w.l(dfixul.o)
    0x08000976   0x08000976   0x00000002   PAD
    0x08000978   0x08000978   0x00000024   Code   RO         7779    .text               mc_w.l(init.o)
    0x0800099c   0x0800099c   0x00000056   Code   RO         7793    .text               mc_w.l(__dczerorl2.o)
    0x080009f2   0x080009f2   0x00000002   Code   RO          772    i.BusFault_Handler  stm32f4xx_it.o
    0x080009f4   0x080009f4   0x0000000c   Code   RO          773    i.CAN1_RX0_IRQHandler  stm32f4xx_it.o
    0x08000a00   0x08000a00   0x0000000c   Code   RO          774    i.DMA1_Stream4_IRQHandler  stm32f4xx_it.o
    0x08000a0c   0x08000a0c   0x00000028   Code   RO         2838    i.DMA_CalcBaseAndBitshift  stm32f4xx_hal_dma.o
    0x08000a34   0x08000a34   0x00000054   Code   RO         2839    i.DMA_CheckFifoParam  stm32f4xx_hal_dma.o
    0x08000a88   0x08000a88   0x00000028   Code   RO         2840    i.DMA_SetConfig     stm32f4xx_hal_dma.o
    0x08000ab0   0x08000ab0   0x00000002   Code   RO          775    i.DebugMon_Handler  stm32f4xx_it.o
    0x08000ab2   0x08000ab2   0x00000016   Code   RO          776    i.EXTI15_10_IRQHandler  stm32f4xx_it.o
    0x08000ac8   0x08000ac8   0x00000020   Code   RO         1881    i.EXTI_GetITEnStatus  deca_port.o
    0x08000ae8   0x08000ae8   0x00000004   Code   RO            4    i.Error_Handler     main.o
    0x08000aec   0x08000aec   0x00000024   Code   RO         2146    i.HAL_CAN_ActivateNotification  stm32f4xx_hal_can.o
    0x08000b10   0x08000b10   0x000000d0   Code   RO         2147    i.HAL_CAN_AddTxMessage  stm32f4xx_hal_can.o
    0x08000be0   0x08000be0   0x0000010c   Code   RO         2148    i.HAL_CAN_ConfigFilter  stm32f4xx_hal_can.o
    0x08000cec   0x08000cec   0x00000002   Code   RO         2151    i.HAL_CAN_ErrorCallback  stm32f4xx_hal_can.o
    0x08000cee   0x08000cee   0x000000f4   Code   RO         2154    i.HAL_CAN_GetRxMessage  stm32f4xx_hal_can.o
    0x08000de2   0x08000de2   0x000001fc   Code   RO         2158    i.HAL_CAN_IRQHandler  stm32f4xx_hal_can.o
    0x08000fde   0x08000fde   0x0000011a   Code   RO         2159    i.HAL_CAN_Init      stm32f4xx_hal_can.o
    0x080010f8   0x080010f8   0x00000088   Code   RO          397    i.HAL_CAN_MspInit   can.o
    0x08001180   0x08001180   0x00000002   Code   RO         2166    i.HAL_CAN_RxFifo0FullCallback  stm32f4xx_hal_can.o
    0x08001182   0x08001182   0x00000002   PAD
    0x08001184   0x08001184   0x00000064   Code   RO          257    i.HAL_CAN_RxFifo0MsgPendingCallback  freertos.o
    0x080011e8   0x080011e8   0x00000002   Code   RO         2168    i.HAL_CAN_RxFifo1FullCallback  stm32f4xx_hal_can.o
    0x080011ea   0x080011ea   0x00000002   Code   RO         2169    i.HAL_CAN_RxFifo1MsgPendingCallback  stm32f4xx_hal_can.o
    0x080011ec   0x080011ec   0x00000002   Code   RO         2170    i.HAL_CAN_SleepCallback  stm32f4xx_hal_can.o
    0x080011ee   0x080011ee   0x00000056   Code   RO         2171    i.HAL_CAN_Start     stm32f4xx_hal_can.o
    0x08001244   0x08001244   0x00000002   Code   RO         2173    i.HAL_CAN_TxMailbox0AbortCallback  stm32f4xx_hal_can.o
    0x08001246   0x08001246   0x00000002   Code   RO         2174    i.HAL_CAN_TxMailbox0CompleteCallback  stm32f4xx_hal_can.o
    0x08001248   0x08001248   0x00000002   Code   RO         2175    i.HAL_CAN_TxMailbox1AbortCallback  stm32f4xx_hal_can.o
    0x0800124a   0x0800124a   0x00000002   Code   RO         2176    i.HAL_CAN_TxMailbox1CompleteCallback  stm32f4xx_hal_can.o
    0x0800124c   0x0800124c   0x00000002   Code   RO         2177    i.HAL_CAN_TxMailbox2AbortCallback  stm32f4xx_hal_can.o
    0x0800124e   0x0800124e   0x00000002   Code   RO         2178    i.HAL_CAN_TxMailbox2CompleteCallback  stm32f4xx_hal_can.o
    0x08001250   0x08001250   0x00000002   Code   RO         2180    i.HAL_CAN_WakeUpFromRxMsgCallback  stm32f4xx_hal_can.o
    0x08001252   0x08001252   0x00000092   Code   RO         2841    i.HAL_DMA_Abort     stm32f4xx_hal_dma.o
    0x080012e4   0x080012e4   0x00000024   Code   RO         2842    i.HAL_DMA_Abort_IT  stm32f4xx_hal_dma.o
    0x08001308   0x08001308   0x000001a0   Code   RO         2846    i.HAL_DMA_IRQHandler  stm32f4xx_hal_dma.o
    0x080014a8   0x080014a8   0x000000d4   Code   RO         2847    i.HAL_DMA_Init      stm32f4xx_hal_dma.o
    0x0800157c   0x0800157c   0x0000006e   Code   RO         2851    i.HAL_DMA_Start_IT  stm32f4xx_hal_dma.o
    0x080015ea   0x080015ea   0x00000002   PAD
    0x080015ec   0x080015ec   0x00000024   Code   RO         3266    i.HAL_Delay         stm32f4xx_hal.o
    0x08001610   0x08001610   0x00000120   Code   RO         2731    i.HAL_GPIO_DeInit   stm32f4xx_hal_gpio.o
    0x08001730   0x08001730   0x0000001c   Code   RO         1882    i.HAL_GPIO_EXTI_Callback  deca_port.o
    0x0800174c   0x0800174c   0x00000018   Code   RO         2733    i.HAL_GPIO_EXTI_IRQHandler  stm32f4xx_hal_gpio.o
    0x08001764   0x08001764   0x000001d0   Code   RO         2734    i.HAL_GPIO_Init     stm32f4xx_hal_gpio.o
    0x08001934   0x08001934   0x0000000a   Code   RO         2736    i.HAL_GPIO_ReadPin  stm32f4xx_hal_gpio.o
    0x0800193e   0x0800193e   0x00000010   Code   RO         2737    i.HAL_GPIO_TogglePin  stm32f4xx_hal_gpio.o
    0x0800194e   0x0800194e   0x0000000a   Code   RO         2738    i.HAL_GPIO_WritePin  stm32f4xx_hal_gpio.o
    0x08001958   0x08001958   0x0000000c   Code   RO         3272    i.HAL_GetTick       stm32f4xx_hal.o
    0x08001964   0x08001964   0x0000000c   Code   RO         5176    i.HAL_IWDG_Refresh  stm32f4xx_hal_iwdg.o
    0x08001970   0x08001970   0x00000010   Code   RO         3278    i.HAL_IncTick       stm32f4xx_hal.o
    0x08001980   0x08001980   0x00000034   Code   RO         3279    i.HAL_Init          stm32f4xx_hal.o
    0x080019b4   0x080019b4   0x00000098   Code   RO          896    i.HAL_InitTick      stm32f4xx_hal_timebase_tim.o
    0x08001a4c   0x08001a4c   0x00000038   Code   RO          872    i.HAL_MspInit       stm32f4xx_hal_msp.o
    0x08001a84   0x08001a84   0x00000022   Code   RO         3123    i.HAL_NVIC_DisableIRQ  stm32f4xx_hal_cortex.o
    0x08001aa6   0x08001aa6   0x0000001a   Code   RO         3124    i.HAL_NVIC_EnableIRQ  stm32f4xx_hal_cortex.o
    0x08001ac0   0x08001ac0   0x00000040   Code   RO         3130    i.HAL_NVIC_SetPriority  stm32f4xx_hal_cortex.o
    0x08001b00   0x08001b00   0x00000024   Code   RO         3131    i.HAL_NVIC_SetPriorityGrouping  stm32f4xx_hal_cortex.o
    0x08001b24   0x08001b24   0x00000134   Code   RO         2380    i.HAL_RCC_ClockConfig  stm32f4xx_hal_rcc.o
    0x08001c58   0x08001c58   0x00000040   Code   RO         2384    i.HAL_RCC_GetClockConfig  stm32f4xx_hal_rcc.o
    0x08001c98   0x08001c98   0x00000020   Code   RO         2387    i.HAL_RCC_GetPCLK1Freq  stm32f4xx_hal_rcc.o
    0x08001cb8   0x08001cb8   0x00000020   Code   RO         2388    i.HAL_RCC_GetPCLK2Freq  stm32f4xx_hal_rcc.o
    0x08001cd8   0x08001cd8   0x00000060   Code   RO         2389    i.HAL_RCC_GetSysClockFreq  stm32f4xx_hal_rcc.o
    0x08001d38   0x08001d38   0x00000358   Code   RO         2392    i.HAL_RCC_OscConfig  stm32f4xx_hal_rcc.o
    0x08002090   0x08002090   0x00000006   Code   RO         3526    i.HAL_SPI_GetState  stm32f4xx_hal_spi.o
    0x08002096   0x08002096   0x000000bc   Code   RO         3528    i.HAL_SPI_Init      stm32f4xx_hal_spi.o
    0x08002152   0x08002152   0x00000002   PAD
    0x08002154   0x08002154   0x000000e4   Code   RO          567    i.HAL_SPI_MspInit   spi.o
    0x08002238   0x08002238   0x0000016a   Code   RO         3536    i.HAL_SPI_Transmit  stm32f4xx_hal_spi.o
    0x080023a2   0x080023a2   0x000001e8   Code   RO         3537    i.HAL_SPI_TransmitReceive  stm32f4xx_hal_spi.o
    0x0800258a   0x0800258a   0x00000002   Code   RO         4545    i.HAL_TIMEx_BreakCallback  stm32f4xx_hal_tim_ex.o
    0x0800258c   0x0800258c   0x00000002   Code   RO         4546    i.HAL_TIMEx_CommutCallback  stm32f4xx_hal_tim_ex.o
    0x0800258e   0x0800258e   0x00000002   PAD
    0x08002590   0x08002590   0x00000090   Code   RO         4564    i.HAL_TIMEx_MasterConfigSynchronization  stm32f4xx_hal_tim_ex.o
    0x08002620   0x08002620   0x0000005a   Code   RO         3841    i.HAL_TIM_Base_Init  stm32f4xx_hal_tim.o
    0x0800267a   0x0800267a   0x00000002   PAD
    0x0800267c   0x0800267c   0x0000004c   Code   RO          616    i.HAL_TIM_Base_MspInit  timer.o
    0x080026c8   0x080026c8   0x00000080   Code   RO         3846    i.HAL_TIM_Base_Start_IT  stm32f4xx_hal_tim.o
    0x08002748   0x08002748   0x000000dc   Code   RO         3850    i.HAL_TIM_ConfigClockSource  stm32f4xx_hal_tim.o
    0x08002824   0x08002824   0x00000002   Code   RO         3875    i.HAL_TIM_IC_CaptureCallback  stm32f4xx_hal_tim.o
    0x08002826   0x08002826   0x00000130   Code   RO         3889    i.HAL_TIM_IRQHandler  stm32f4xx_hal_tim.o
    0x08002956   0x08002956   0x00000002   Code   RO         3892    i.HAL_TIM_OC_DelayElapsedCallback  stm32f4xx_hal_tim.o
    0x08002958   0x08002958   0x00000002   Code   RO         3919    i.HAL_TIM_PWM_PulseFinishedCallback  stm32f4xx_hal_tim.o
    0x0800295a   0x0800295a   0x00000002   PAD
    0x0800295c   0x0800295c   0x0000003c   Code   RO          258    i.HAL_TIM_PeriodElapsedCallback  freertos.o
    0x08002998   0x08002998   0x00000002   Code   RO         3932    i.HAL_TIM_TriggerCallback  stm32f4xx_hal_tim.o
    0x0800299a   0x0800299a   0x00000002   Code   RO         4824    i.HAL_UARTEx_RxEventCallback  stm32f4xx_hal_uart.o
    0x0800299c   0x0800299c   0x00000002   Code   RO         4838    i.HAL_UART_ErrorCallback  stm32f4xx_hal_uart.o
    0x0800299e   0x0800299e   0x00000002   PAD
    0x080029a0   0x080029a0   0x00000270   Code   RO         4841    i.HAL_UART_IRQHandler  stm32f4xx_hal_uart.o
    0x08002c10   0x08002c10   0x00000064   Code   RO         4842    i.HAL_UART_Init     stm32f4xx_hal_uart.o
    0x08002c74   0x08002c74   0x000000b0   Code   RO          657    i.HAL_UART_MspInit  usart.o
    0x08002d24   0x08002d24   0x00000002   Code   RO         4848    i.HAL_UART_RxCpltCallback  stm32f4xx_hal_uart.o
    0x08002d26   0x08002d26   0x000000a0   Code   RO         4850    i.HAL_UART_Transmit  stm32f4xx_hal_uart.o
    0x08002dc6   0x08002dc6   0x00000002   PAD
    0x08002dc8   0x08002dc8   0x0000007c   Code   RO         4851    i.HAL_UART_Transmit_DMA  stm32f4xx_hal_uart.o
    0x08002e44   0x08002e44   0x00000002   Code   RO         4853    i.HAL_UART_TxCpltCallback  stm32f4xx_hal_uart.o
    0x08002e46   0x08002e46   0x00000002   Code   RO         4854    i.HAL_UART_TxHalfCpltCallback  stm32f4xx_hal_uart.o
    0x08002e48   0x08002e48   0x00000002   Code   RO          777    i.HardFault_Handler  stm32f4xx_it.o
    0x08002e4a   0x08002e4a   0x00000002   PAD
    0x08002e4c   0x08002e4c   0x00000098   Code   RO          398    i.MX_CAN1_Init      can.o
    0x08002ee4   0x08002ee4   0x0000002c   Code   RO          450    i.MX_DMA_Init       dma.o
    0x08002f10   0x08002f10   0x00000090   Code   RO          259    i.MX_FREERTOS_Init  freertos.o
    0x08002fa0   0x08002fa0   0x00000118   Code   RO          474    i.MX_GPIO_Init      gpio.o
    0x080030b8   0x080030b8   0x00000044   Code   RO          568    i.MX_SPI1_Init      spi.o
    0x080030fc   0x080030fc   0x00000044   Code   RO          569    i.MX_SPI2_Init      spi.o
    0x08003140   0x08003140   0x0000008c   Code   RO          617    i.MX_TIM2_Init      timer.o
    0x080031cc   0x080031cc   0x0000008c   Code   RO          618    i.MX_TIM3_Init      timer.o
    0x08003258   0x08003258   0x00000038   Code   RO          658    i.MX_UART4_Init     usart.o
    0x08003290   0x08003290   0x00000002   Code   RO          778    i.MemManage_Handler  stm32f4xx_it.o
    0x08003292   0x08003292   0x00000002   Code   RO          779    i.NMI_Handler       stm32f4xx_it.o
    0x08003294   0x08003294   0x0000001c   Code   RO          475    i.ReadButtonPin     gpio.o
    0x080032b0   0x080032b0   0x0000046c   Code   RO          717    i.Report_Dis        usart_voice.o
    0x0800371c   0x0800371c   0x0000006c   Code   RO         3566    i.SPI_EndRxTxTransaction  stm32f4xx_hal_spi.o
    0x08003788   0x08003788   0x000000b8   Code   RO         3571    i.SPI_WaitFlagStateUntilTimeout  stm32f4xx_hal_spi.o
    0x08003840   0x08003840   0x00000004   Code   RO         1960    i.Sleep             deca_port.o
    0x08003844   0x08003844   0x0000001a   Code   RO         6764    i.SysTick_Handler   cmsis_os2.o
    0x0800385e   0x0800385e   0x00000002   PAD
    0x08003860   0x08003860   0x00000098   Code   RO            5    i.SystemClock_Config  main.o
    0x080038f8   0x080038f8   0x00000010   Code   RO         2108    i.SystemInit        system_stm32f4xx.o
    0x08003908   0x08003908   0x0000000c   Code   RO          780    i.TIM2_IRQHandler   stm32f4xx_it.o
    0x08003914   0x08003914   0x0000000c   Code   RO          781    i.TIM3_IRQHandler   stm32f4xx_it.o
    0x08003920   0x08003920   0x0000000c   Code   RO          782    i.TIM6_DAC_IRQHandler  stm32f4xx_it.o
    0x0800392c   0x0800392c   0x000000d8   Code   RO         3934    i.TIM_Base_SetConfig  stm32f4xx_hal_tim.o
    0x08003a04   0x08003a04   0x00000014   Code   RO         3945    i.TIM_ETR_SetConfig  stm32f4xx_hal_tim.o
    0x08003a18   0x08003a18   0x00000010   Code   RO         3946    i.TIM_ITRx_SetConfig  stm32f4xx_hal_tim.o
    0x08003a28   0x08003a28   0x00000022   Code   RO         3952    i.TIM_TI1_ConfigInputStage  stm32f4xx_hal_tim.o
    0x08003a4a   0x08003a4a   0x00000024   Code   RO         3954    i.TIM_TI2_ConfigInputStage  stm32f4xx_hal_tim.o
    0x08003a6e   0x08003a6e   0x00000002   PAD
    0x08003a70   0x08003a70   0x0000000c   Code   RO          783    i.UART4_IRQHandler  stm32f4xx_it.o
    0x08003a7c   0x08003a7c   0x00000010   Code   RO         4855    i.UART_DMAAbortOnError  stm32f4xx_hal_uart.o
    0x08003a8c   0x08003a8c   0x0000004a   Code   RO         4856    i.UART_DMAError     stm32f4xx_hal_uart.o
    0x08003ad6   0x08003ad6   0x00000042   Code   RO         4861    i.UART_DMATransmitCplt  stm32f4xx_hal_uart.o
    0x08003b18   0x08003b18   0x0000000a   Code   RO         4863    i.UART_DMATxHalfCplt  stm32f4xx_hal_uart.o
    0x08003b22   0x08003b22   0x0000004e   Code   RO         4865    i.UART_EndRxTransfer  stm32f4xx_hal_uart.o
    0x08003b70   0x08003b70   0x0000001c   Code   RO         4866    i.UART_EndTxTransfer  stm32f4xx_hal_uart.o
    0x08003b8c   0x08003b8c   0x000000c2   Code   RO         4867    i.UART_Receive_IT   stm32f4xx_hal_uart.o
    0x08003c4e   0x08003c4e   0x00000002   PAD
    0x08003c50   0x08003c50   0x0000010c   Code   RO         4868    i.UART_SetConfig    stm32f4xx_hal_uart.o
    0x08003d5c   0x08003d5c   0x00000070   Code   RO         4871    i.UART_WaitOnFlagUntilTimeout  stm32f4xx_hal_uart.o
    0x08003dcc   0x08003dcc   0x00000002   Code   RO          784    i.UsageFault_Handler  stm32f4xx_it.o
    0x08003dce   0x08003dce   0x00000002   PAD
    0x08003dd0   0x08003dd0   0x00000010   Code   RO          720    i.Voice             usart_voice.o
    0x08003de0   0x08003de0   0x00000020   Code   RO         7637    i.__0printf         mc_w.l(printfa.o)
    0x08003e00   0x08003e00   0x00000028   Code   RO         7639    i.__0sprintf        mc_w.l(printfa.o)
    0x08003e28   0x08003e28   0x00000034   Code   RO         7642    i.__0vsnprintf      mc_w.l(printfa.o)
    0x08003e5c   0x08003e5c   0x00000020   Code   RO         3137    i.__NVIC_SetPriority  stm32f4xx_hal_cortex.o
    0x08003e7c   0x08003e7c   0x0000000e   Code   RO         7787    i.__scatterload_copy  mc_w.l(handlers.o)
    0x08003e8a   0x08003e8a   0x00000002   Code   RO         7788    i.__scatterload_null  mc_w.l(handlers.o)
    0x08003e8c   0x08003e8c   0x0000000e   Code   RO         7789    i.__scatterload_zeroinit  mc_w.l(handlers.o)
    0x08003e9a   0x08003e9a   0x0000001a   Code   RO         1078    i._dwt_aonarrayupload  deca_device.o
    0x08003eb4   0x08003eb4   0x0000002a   Code   RO         1081    i._dwt_configlde    deca_device.o
    0x08003ede   0x08003ede   0x00000016   Code   RO         1082    i._dwt_disablesequencing  deca_device.o
    0x08003ef4   0x08003ef4   0x000000ce   Code   RO         1083    i._dwt_enableclocks  deca_device.o
    0x08003fc2   0x08003fc2   0x00000024   Code   RO         1084    i._dwt_loaducodefromrom  deca_device.o
    0x08003fe6   0x08003fe6   0x0000002c   Code   RO         1086    i._dwt_otpread      deca_device.o
    0x08004012   0x08004012   0x00000002   PAD
    0x08004014   0x08004014   0x00000184   Code   RO         7644    i._fp_digits        mc_w.l(printfa.o)
    0x08004198   0x08004198   0x000006b4   Code   RO         7645    i._printf_core      mc_w.l(printfa.o)
    0x0800484c   0x0800484c   0x00000024   Code   RO         7646    i._printf_post_padding  mc_w.l(printfa.o)
    0x08004870   0x08004870   0x0000002e   Code   RO         7647    i._printf_pre_padding  mc_w.l(printfa.o)
    0x0800489e   0x0800489e   0x00000016   Code   RO         7648    i._snputc           mc_w.l(printfa.o)
    0x080048b4   0x080048b4   0x0000000a   Code   RO         7649    i._sputc            mc_w.l(printfa.o)
    0x080048be   0x080048be   0x00000002   PAD
    0x080048c0   0x080048c0   0x0000000c   Code   RO         1027    i.anc_rx_err_cb     instance_anchor.o
    0x080048cc   0x080048cc   0x00000020   Code   RO         1028    i.anc_rx_ok_cb      instance_anchor.o
    0x080048ec   0x080048ec   0x0000000c   Code   RO         1029    i.anc_rx_to_cb      instance_anchor.o
    0x080048f8   0x080048f8   0x0000000c   Code   RO         1030    i.anc_tx_conf_cb    instance_anchor.o
    0x08004904   0x08004904   0x00000618   Code   RO         1031    i.anchor_app        instance_anchor.o
    0x08004f1c   0x08004f1c   0x00000008   Code   RO         2019    i.button_attach     com_multibutton.o
    0x08004f24   0x08004f24   0x000001b6   Code   RO         2020    i.button_handler    com_multibutton.o
    0x080050da   0x080050da   0x00000036   Code   RO         2021    i.button_init       com_multibutton.o
    0x08005110   0x08005110   0x00000024   Code   RO         2022    i.button_start      com_multibutton.o
    0x08005134   0x08005134   0x0000001c   Code   RO         2024    i.button_ticks      com_multibutton.o
    0x08005150   0x08005150   0x00000038   Code   RO          400    i.canSendMsg        can.o
    0x08005188   0x08005188   0x00000014   Code   RO          261    i.clearReceiveDis   freertos.o
    0x0800519c   0x0800519c   0x00000024   Code   RO          935    i.clear_sortDistance  dw_main.o
    0x080051c0   0x080051c0   0x00000004   Code   RO         1817    i.deca_sleep        deca_sleep.o
    0x080051c4   0x080051c4   0x0000000a   Code   RO         1744    i.decamutexoff      deca_mutex.o
    0x080051ce   0x080051ce   0x00000012   Code   RO         1745    i.decamutexon       deca_mutex.o
    0x080051e0   0x080051e0   0x00000088   Code   RO          936    i.dw_main           dw_main.o
    0x08005268   0x08005268   0x00000218   Code   RO         1096    i.dwt_configure     deca_device.o
    0x08005480   0x08005480   0x0000001c   Code   RO         1099    i.dwt_configuretxrf  deca_device.o
    0x0800549c   0x0800549c   0x00000040   Code   RO         1101    i.dwt_enableframefilter  deca_device.o
    0x080054dc   0x080054dc   0x00000058   Code   RO         1104    i.dwt_forcetrxoff   deca_device.o
    0x08005534   0x08005534   0x000000f0   Code   RO         1774    i.dwt_getrangebias  deca_range_tables.o
    0x08005624   0x08005624   0x00000100   Code   RO         1109    i.dwt_initialise    deca_device.o
    0x08005724   0x08005724   0x00000128   Code   RO         1110    i.dwt_isr           deca_device.o
    0x0800584c   0x0800584c   0x0000001e   Code   RO         1116    i.dwt_read16bitoffsetreg  deca_device.o
    0x0800586a   0x0800586a   0x00000022   Code   RO         1117    i.dwt_read32bitoffsetreg  deca_device.o
    0x0800588c   0x0800588c   0x00000014   Code   RO         1118    i.dwt_read8bitoffsetreg  deca_device.o
    0x080058a0   0x080058a0   0x00000008   Code   RO         1120    i.dwt_readdevid     deca_device.o
    0x080058a8   0x080058a8   0x0000003a   Code   RO         1123    i.dwt_readfromdevice  deca_device.o
    0x080058e2   0x080058e2   0x00000012   Code   RO         1124    i.dwt_readrxdata    deca_device.o
    0x080058f4   0x080058f4   0x0000000c   Code   RO         1125    i.dwt_readrxtimestamp  deca_device.o
    0x08005900   0x08005900   0x0000000c   Code   RO         1131    i.dwt_readtxtimestamp  deca_device.o
    0x0800590c   0x0800590c   0x0000004e   Code   RO         1136    i.dwt_rxenable      deca_device.o
    0x0800595a   0x0800595a   0x0000001a   Code   RO         1137    i.dwt_rxreset       deca_device.o
    0x08005974   0x08005974   0x0000000a   Code   RO         1138    i.dwt_setaddress16  deca_device.o
    0x0800597e   0x0800597e   0x00000002   PAD
    0x08005980   0x08005980   0x00000014   Code   RO         1139    i.dwt_setcallbacks  deca_device.o
    0x08005994   0x08005994   0x0000000a   Code   RO         1141    i.dwt_setdelayedtrxtime  deca_device.o
    0x0800599e   0x0800599e   0x00000030   Code   RO         1147    i.dwt_setinterrupt  deca_device.o
    0x080059ce   0x080059ce   0x00000002   PAD
    0x080059d0   0x080059d0   0x00000074   Code   RO         1148    i.dwt_setleds       deca_device.o
    0x08005a44   0x08005a44   0x0000002a   Code   RO         1149    i.dwt_setlnapamode  deca_device.o
    0x08005a6e   0x08005a6e   0x0000000a   Code   RO         1151    i.dwt_setpanid      deca_device.o
    0x08005a78   0x08005a78   0x0000000a   Code   RO         1152    i.dwt_setpreambledetecttimeout  deca_device.o
    0x08005a82   0x08005a82   0x0000000c   Code   RO         1154    i.dwt_setrxantennadelay  deca_device.o
    0x08005a8e   0x08005a8e   0x00000002   PAD
    0x08005a90   0x08005a90   0x00000048   Code   RO         1155    i.dwt_setrxtimeout  deca_device.o
    0x08005ad8   0x08005ad8   0x0000000a   Code   RO         1159    i.dwt_settxantennadelay  deca_device.o
    0x08005ae2   0x08005ae2   0x00000010   Code   RO         1160    i.dwt_setxtaltrim   deca_device.o
    0x08005af2   0x08005af2   0x00000002   PAD
    0x08005af4   0x08005af4   0x00000048   Code   RO         1161    i.dwt_softreset     deca_device.o
    0x08005b3c   0x08005b3c   0x0000006c   Code   RO         1163    i.dwt_starttx       deca_device.o
    0x08005ba8   0x08005ba8   0x00000028   Code   RO         1164    i.dwt_syncrxbufptrs  deca_device.o
    0x08005bd0   0x08005bd0   0x0000001a   Code   RO         1165    i.dwt_write16bitoffsetreg  deca_device.o
    0x08005bea   0x08005bea   0x0000001e   Code   RO         1166    i.dwt_write32bitoffsetreg  deca_device.o
    0x08005c08   0x08005c08   0x00000010   Code   RO         1167    i.dwt_write8bitoffsetreg  deca_device.o
    0x08005c18   0x08005c18   0x0000003e   Code   RO         1168    i.dwt_writetodevice  deca_device.o
    0x08005c56   0x08005c56   0x00000022   Code   RO         1169    i.dwt_writetxdata   deca_device.o
    0x08005c78   0x08005c78   0x0000001c   Code   RO         1170    i.dwt_writetxfctrl  deca_device.o
    0x08005c94   0x08005c94   0x0000001c   Code   RO         1171    i.final_msg_get_ts  deca_device.o
    0x08005cb0   0x08005cb0   0x00000050   Code   RO          937    i.findMin           dw_main.o
    0x08005d00   0x08005d00   0x00000018   Code   RO          659    i.fputc             usart.o
    0x08005d18   0x08005d18   0x0000002a   Code   RO         1173    i.get_rx_timestamp_u64  deca_device.o
    0x08005d42   0x08005d42   0x0000002a   Code   RO         1174    i.get_tx_timestamp_u64  deca_device.o
    0x08005d6c   0x08005d6c   0x00000046   Code   RO            6    i.main              main.o
    0x08005db2   0x08005db2   0x0000001a   Code   RO         6765    i.osDelay           cmsis_os2.o
    0x08005dcc   0x08005dcc   0x0000002e   Code   RO         6766    i.osDelayUntil      cmsis_os2.o
    0x08005dfa   0x08005dfa   0x0000000e   Code   RO         6777    i.osKernelGetTickCount  cmsis_os2.o
    0x08005e08   0x08005e08   0x00000024   Code   RO         6779    i.osKernelInitialize  cmsis_os2.o
    0x08005e2c   0x08005e2c   0x00000038   Code   RO         6782    i.osKernelStart     cmsis_os2.o
    0x08005e64   0x08005e64   0x00000064   Code   RO         6794    i.osMessageQueueGet  cmsis_os2.o
    0x08005ec8   0x08005ec8   0x00000058   Code   RO         6799    i.osMessageQueueNew  cmsis_os2.o
    0x08005f20   0x08005f20   0x00000068   Code   RO         6800    i.osMessageQueuePut  cmsis_os2.o
    0x08005f88   0x08005f88   0x00000088   Code   RO         6824    i.osThreadNew       cmsis_os2.o
    0x08006010   0x08006010   0x00000010   Code   RO          262    i.pause_key_handler1  freertos.o
    0x08006020   0x08006020   0x0000002c   Code   RO          263    i.pause_key_handler2  freertos.o
    0x0800604c   0x0800604c   0x0000003c   Code   RO          479    i.pause_key_init    gpio.o
    0x08006088   0x08006088   0x00000014   Code   RO         1884    i.portGetTickCnt    deca_port.o
    0x0800609c   0x0800609c   0x00000018   Code   RO         1975    i.port_DisableEXT_IRQ  deca_port.o
    0x080060b4   0x080060b4   0x00000010   Code   RO         1981    i.port_EnableEXT_IRQ  deca_port.o
    0x080060c4   0x080060c4   0x00000006   Code   RO         1987    i.port_GetEXT_IRQStatus  deca_port.o
    0x080060ca   0x080060ca   0x00000002   PAD
    0x080060cc   0x080060cc   0x00000010   Code   RO         1885    i.port_set_dw1000_fastrate  deca_port.o
    0x080060dc   0x080060dc   0x00000010   Code   RO         1886    i.port_set_dw1000_slowrate  deca_port.o
    0x080060ec   0x080060ec   0x0000002c   Code   RO         1887    i.port_wakeup_IC    deca_port.o
    0x08006118   0x08006118   0x00000288   Code   RO          938    i.print_config      dw_main.o
    0x080063a0   0x080063a0   0x00000028   Code   RO          660    i.printf_use_dma    usart.o
    0x080063c8   0x080063c8   0x00000020   Code   RO         1970    i.process_deca_irq  deca_port.o
    0x080063e8   0x080063e8   0x0000005c   Code   RO         6228    i.prvAddCurrentTaskToDelayedList  tasks.o
    0x08006444   0x08006444   0x000000d0   Code   RO         6229    i.prvAddNewTaskToReadyList  tasks.o
    0x08006514   0x08006514   0x00000058   Code   RO         6593    i.prvCheckForValidListAndQueue  timers.o
    0x0800656c   0x0800656c   0x00000026   Code   RO         5834    i.prvCopyDataFromQueue  queue.o
    0x08006592   0x08006592   0x0000006c   Code   RO         5835    i.prvCopyDataToQueue  queue.o
    0x080065fe   0x080065fe   0x00000034   Code   RO         6230    i.prvDeleteTCB      tasks.o
    0x08006632   0x08006632   0x00000002   PAD
    0x08006634   0x08006634   0x0000004c   Code   RO         7233    i.prvHeapInit       heap_4.o
    0x08006680   0x08006680   0x0000005c   Code   RO         6231    i.prvIdleTask       tasks.o
    0x080066dc   0x080066dc   0x00000020   Code   RO         5837    i.prvInitialiseNewQueue  queue.o
    0x080066fc   0x080066fc   0x000000aa   Code   RO         6232    i.prvInitialiseNewTask  tasks.o
    0x080067a6   0x080067a6   0x00000002   PAD
    0x080067a8   0x080067a8   0x0000004c   Code   RO         7234    i.prvInsertBlockIntoFreeList  heap_4.o
    0x080067f4   0x080067f4   0x00000038   Code   RO         6595    i.prvInsertTimerInActiveList  timers.o
    0x0800682c   0x0800682c   0x0000001a   Code   RO         5838    i.prvIsQueueEmpty   queue.o
    0x08006846   0x08006846   0x00000002   PAD
    0x08006848   0x08006848   0x000000fc   Code   RO         6596    i.prvProcessReceivedCommands  timers.o
    0x08006944   0x08006944   0x000000c0   Code   RO         6597    i.prvProcessTimerOrBlockTask  timers.o
    0x08006a04   0x08006a04   0x00000020   Code   RO         6234    i.prvResetNextTaskUnblockTime  tasks.o
    0x08006a24   0x08006a24   0x00000028   Code   RO         6598    i.prvSampleTimeNow  timers.o
    0x08006a4c   0x08006a4c   0x0000006c   Code   RO         6599    i.prvSwitchTimerLists  timers.o
    0x08006ab8   0x08006ab8   0x00000028   Code   RO         7289    i.prvTaskExitError  port.o
    0x08006ae0   0x08006ae0   0x00000028   Code   RO         6600    i.prvTimerTask      timers.o
    0x08006b08   0x08006b08   0x0000006a   Code   RO         5839    i.prvUnlockQueue    queue.o
    0x08006b72   0x08006b72   0x00000002   PAD
    0x08006b74   0x08006b74   0x000000dc   Code   RO         7235    i.pvPortMalloc      heap_4.o
    0x08006c50   0x08006c50   0x0000002c   Code   RO         7290    i.pxPortInitialiseStack  port.o
    0x08006c7c   0x08006c7c   0x00000068   Code   RO         1834    i.readfromspi       deca_spi.o
    0x08006ce4   0x08006ce4   0x00000040   Code   RO         1889    i.reset_DW1000      deca_port.o
    0x08006d24   0x08006d24   0x00000014   Code   RO          939    i.setElement        dw_main.o
    0x08006d38   0x08006d38   0x00000068   Code   RO         1890    i.setup_DW1000RSTnIRQ  deca_port.o
    0x08006da0   0x08006da0   0x00000002   Code   RO          264    i.switch_key_handler1  freertos.o
    0x08006da2   0x08006da2   0x00000002   PAD
    0x08006da4   0x08006da4   0x0000000c   Code   RO          265    i.switch_key_handler2  freertos.o
    0x08006db0   0x08006db0   0x0000003c   Code   RO          480    i.switch_key_init   gpio.o
    0x08006dec   0x08006dec   0x00000004   Code   RO          266    i.task0_uwb         freertos.o
    0x08006df0   0x08006df0   0x00000128   Code   RO          267    i.task1_anchorDisHandling  freertos.o
    0x08006f18   0x08006f18   0x0000005c   Code   RO          268    i.task2_canRx       freertos.o
    0x08006f74   0x08006f74   0x0000003c   Code   RO          269    i.task3_canSend     freertos.o
    0x08006fb0   0x08006fb0   0x00000002   Code   RO          270    i.task4_rtcDate     freertos.o
    0x08006fb2   0x08006fb2   0x0000001a   Code   RO         1891    i.usleep            deca_port.o
    0x08006fcc   0x08006fcc   0x0000019c   Code   RO          940    i.uwb_init          dw_main.o
    0x08007168   0x08007168   0x00000026   Code   RO         5797    i.uxListRemove      list.o
    0x0800718e   0x0800718e   0x00000002   PAD
    0x08007190   0x08007190   0x00000014   Code   RO         6830    i.vApplicationGetIdleTaskMemory  cmsis_os2.o
    0x080071a4   0x080071a4   0x00000018   Code   RO         6831    i.vApplicationGetTimerTaskMemory  cmsis_os2.o
    0x080071bc   0x080071bc   0x00000016   Code   RO         5798    i.vListInitialise   list.o
    0x080071d2   0x080071d2   0x00000006   Code   RO         5799    i.vListInitialiseItem  list.o
    0x080071d8   0x080071d8   0x00000030   Code   RO         5800    i.vListInsert       list.o
    0x08007208   0x08007208   0x00000018   Code   RO         5801    i.vListInsertEnd    list.o
    0x08007220   0x08007220   0x00000040   Code   RO         7292    i.vPortEnterCritical  port.o
    0x08007260   0x08007260   0x00000028   Code   RO         7293    i.vPortExitCritical  port.o
    0x08007288   0x08007288   0x00000064   Code   RO         7236    i.vPortFree         heap_4.o
    0x080072ec   0x080072ec   0x00000024   Code   RO         7294    i.vPortSetupTimerInterrupt  port.o
    0x08007310   0x08007310   0x00000054   Code   RO         7295    i.vPortValidateInterruptPriority  port.o
    0x08007364   0x08007364   0x00000024   Code   RO         5845    i.vQueueAddToRegistry  queue.o
    0x08007388   0x08007388   0x00000044   Code   RO         5849    i.vQueueWaitForMessageRestricted  queue.o
    0x080073cc   0x080073cc   0x0000004c   Code   RO         6247    i.vTaskDelay        tasks.o
    0x08007418   0x08007418   0x00000090   Code   RO         6248    i.vTaskDelayUntil   tasks.o
    0x080074a8   0x080074a8   0x00000010   Code   RO         6252    i.vTaskInternalSetTimeOutState  tasks.o
    0x080074b8   0x080074b8   0x0000000c   Code   RO         6253    i.vTaskMissedYield  tasks.o
    0x080074c4   0x080074c4   0x00000030   Code   RO         6255    i.vTaskPlaceOnEventList  tasks.o
    0x080074f4   0x080074f4   0x00000038   Code   RO         6256    i.vTaskPlaceOnEventListRestricted  tasks.o
    0x0800752c   0x0800752c   0x00000084   Code   RO         6264    i.vTaskStartScheduler  tasks.o
    0x080075b0   0x080075b0   0x00000010   Code   RO         6266    i.vTaskSuspendAll   tasks.o
    0x080075c0   0x080075c0   0x00000064   Code   RO         6267    i.vTaskSwitchContext  tasks.o
    0x08007624   0x08007624   0x00000060   Code   RO         1835    i.writetospi        deca_spi.o
    0x08007684   0x08007684   0x000000f4   Code   RO         7296    i.xPortStartScheduler  port.o
    0x08007778   0x08007778   0x0000002c   Code   RO         7297    i.xPortSysTickHandler  port.o
    0x080077a4   0x080077a4   0x00000042   Code   RO         5854    i.xQueueGenericCreate  queue.o
    0x080077e6   0x080077e6   0x00000066   Code   RO         5855    i.xQueueGenericCreateStatic  queue.o
    0x0800784c   0x0800784c   0x00000088   Code   RO         5856    i.xQueueGenericReset  queue.o
    0x080078d4   0x080078d4   0x00000164   Code   RO         5857    i.xQueueGenericSend  queue.o
    0x08007a38   0x08007a38   0x000000be   Code   RO         5858    i.xQueueGenericSendFromISR  queue.o
    0x08007af6   0x08007af6   0x00000002   PAD
    0x08007af8   0x08007af8   0x00000138   Code   RO         5867    i.xQueueReceive     queue.o
    0x08007c30   0x08007c30   0x0000009a   Code   RO         5868    i.xQueueReceiveFromISR  queue.o
    0x08007cca   0x08007cca   0x00000002   PAD
    0x08007ccc   0x08007ccc   0x00000074   Code   RO         6269    i.xTaskCheckForTimeOut  tasks.o
    0x08007d40   0x08007d40   0x0000005a   Code   RO         6270    i.xTaskCreate       tasks.o
    0x08007d9a   0x08007d9a   0x0000005a   Code   RO         6271    i.xTaskCreateStatic  tasks.o
    0x08007df4   0x08007df4   0x0000001c   Code   RO         6275    i.xTaskGetSchedulerState  tasks.o
    0x08007e10   0x08007e10   0x0000000c   Code   RO         6276    i.xTaskGetTickCount  tasks.o
    0x08007e1c   0x08007e1c   0x00000010   Code   RO         6277    i.xTaskGetTickCountFromISR  tasks.o
    0x08007e2c   0x08007e2c   0x000000c8   Code   RO         6278    i.xTaskIncrementTick  tasks.o
    0x08007ef4   0x08007ef4   0x0000007c   Code   RO         6281    i.xTaskPriorityDisinherit  tasks.o
    0x08007f70   0x08007f70   0x00000070   Code   RO         6283    i.xTaskRemoveFromEventList  tasks.o
    0x08007fe0   0x08007fe0   0x000000c0   Code   RO         6284    i.xTaskResumeAll    tasks.o
    0x080080a0   0x080080a0   0x00000060   Code   RO         6609    i.xTimerCreateTimerTask  timers.o
    0x08008100   0x08008100   0x00000064   Code   RO         6610    i.xTimerGenericCommand  timers.o
    0x08008164   0x08008164   0x000000e4   Data   RO          276    .constdata          freertos.o
    0x08008248   0x08008248   0x00000008   Data   RO         1703    .constdata          deca_params_init.o
    0x08008250   0x08008250   0x00000018   Data   RO         1704    .constdata          deca_params_init.o
    0x08008268   0x08008268   0x00000018   Data   RO         1705    .constdata          deca_params_init.o
    0x08008280   0x08008280   0x00000006   Data   RO         1706    .constdata          deca_params_init.o
    0x08008286   0x08008286   0x00000002   Data   RO         1707    .constdata          deca_params_init.o
    0x08008288   0x08008288   0x00000008   Data   RO         1708    .constdata          deca_params_init.o
    0x08008290   0x08008290   0x00000003   Data   RO         1709    .constdata          deca_params_init.o
    0x08008293   0x08008293   0x00000001   PAD
    0x08008294   0x08008294   0x0000000c   Data   RO         1710    .constdata          deca_params_init.o
    0x080082a0   0x080082a0   0x00000004   Data   RO         1711    .constdata          deca_params_init.o
    0x080082a4   0x080082a4   0x00000020   Data   RO         1712    .constdata          deca_params_init.o
    0x080082c4   0x080082c4   0x00000032   Data   RO         1713    .constdata          deca_params_init.o
    0x080082f6   0x080082f6   0x0000020a   Data   RO         1775    .constdata          deca_range_tables.o
    0x08008500   0x08008500   0x00000010   Data   RO         2109    .constdata          system_stm32f4xx.o
    0x08008510   0x08008510   0x00000008   Data   RO         2110    .constdata          system_stm32f4xx.o
    0x08008518   0x08008518   0x00000008   Data   RO         2853    .constdata          stm32f4xx_hal_dma.o
    0x08008520   0x08008520   0x000000ac   Data   RO          278    .conststring        freertos.o
    0x080085cc   0x080085cc   0x00000020   Data   RO         7785    Region$$Table       anon$$obj.o


    Execution Region RW_IRAM1 (Exec base: 0x20000000, Load base: 0x080085ec, Size: 0x00005eb0, Max: 0x0001c000, ABSOLUTE, COMPRESSED[0x00000164])

    Exec Addr    Load Addr    Size         Type   Attr      Idx    E Section Name        Object

    0x20000000   COMPRESSED   0x00000044   Data   RW          280    .data               freertos.o
    0x20000044   COMPRESSED   0x00000004   Data   RW          620    .data               timer.o
    0x20000048   COMPRESSED   0x0000027f   Data   RW          721    .data               usart_voice.o
    0x200002c7   COMPRESSED   0x00000001   PAD
    0x200002c8   COMPRESSED   0x00000114   Data   RW          944    .data               dw_main.o
    0x200003dc   COMPRESSED   0x00000001   Data   RW          945    .data               dw_main.o
    0x200003dd   COMPRESSED   0x00000001   Data   RW          946    .data               dw_main.o
    0x200003de   COMPRESSED   0x00000001   Data   RW          950    .data               dw_main.o
    0x200003df   COMPRESSED   0x00000001   Data   RW          953    .data               dw_main.o
    0x200003e0   COMPRESSED   0x00000008   Data   RW          955    .data               dw_main.o
    0x200003e8   COMPRESSED   0x00000033   Data   RW         1033    .data               instance_anchor.o
    0x2000041b   COMPRESSED   0x00000001   PAD
    0x2000041c   COMPRESSED   0x00000004   Data   RW         1176    .data               deca_device.o
    0x20000420   COMPRESSED   0x00000008   Data   RW         1892    .data               deca_port.o
    0x20000428   COMPRESSED   0x00000004   Data   RW         2026    .data               com_multibutton.o
    0x2000042c   COMPRESSED   0x00000004   Data   RW         2111    .data               system_stm32f4xx.o
    0x20000430   COMPRESSED   0x0000000c   Data   RW         3286    .data               stm32f4xx_hal.o
    0x2000043c   COMPRESSED   0x0000003c   Data   RW         6287    .data               tasks.o
    0x20000478   COMPRESSED   0x00000014   Data   RW         6618    .data               timers.o
    0x2000048c   COMPRESSED   0x00000004   Data   RW         6833    .data               cmsis_os2.o
    0x20000490   COMPRESSED   0x00000020   Data   RW         7242    .data               heap_4.o
    0x200004b0   COMPRESSED   0x0000000c   Data   RW         7298    .data               port.o
    0x200004bc   COMPRESSED   0x00000004   Data   RW         7752    .data               mc_w.l(stdout.o)
    0x200004c0        -       0x0000001c   Zero   RW          271    .bss                freertos.o
    0x200004dc        -       0x000000c0   Zero   RW          272    .bss                freertos.o
    0x2000059c        -       0x00000050   Zero   RW          273    .bss                freertos.o
    0x200005ec        -       0x000000c0   Zero   RW          274    .bss                freertos.o
    0x200006ac        -       0x00000050   Zero   RW          275    .bss                freertos.o
    0x200006fc        -       0x00000028   Zero   RW          401    .bss                can.o
    0x20000724        -       0x00000058   Zero   RW          481    .bss                gpio.o
    0x2000077c        -       0x0000000c   Zero   RW          537    .bss                iwdg.o
    0x20000788        -       0x00000170   Zero   RW          570    .bss                spi.o
    0x200008f8        -       0x00000090   Zero   RW          619    .bss                timer.o
    0x20000988        -       0x000001a8   Zero   RW          661    .bss                usart.o
    0x20000b30        -       0x00000048   Zero   RW          899    .bss                stm32f4xx_hal_timebase_tim.o
    0x20000b78        -       0x00000040   Zero   RW          941    .bss                dw_main.o
    0x20000bb8        -       0x00000028   Zero   RW          943    .bss                dw_main.o
    0x20000be0        -       0x000001c0   Zero   RW         1032    .bss                instance_anchor.o
    0x20000da0        -       0x00000038   Zero   RW         1175    .bss                deca_device.o
    0x20000dd8        -       0x00000040   Zero   RW         5871    .bss                queue.o
    0x20000e18        -       0x000004c4   Zero   RW         6286    .bss                tasks.o
    0x200012dc        -       0x00000118   Zero   RW         6617    .bss                timers.o
    0x200013f4        -       0x00000ab8   Zero   RW         6832    .bss                cmsis_os2.o
    0x20001eac        -       0x00003c00   Zero   RW         7241    .bss                heap_4.o
    0x20005aac   COMPRESSED   0x00000004   PAD
    0x20005ab0        -       0x00000400   Zero   RW         2097    STACK               startup_stm32f405xx.o


    Execution Region RW_IRAM2 (Exec base: 0x2001c000, Load base: 0x08008750, Size: 0x00000000, Max: 0x00004000, ABSOLUTE)

    **** No section assigned to this execution region ****


==============================================================================

Image component sizes


      Code (inc. data)   RO Data    RW Data    ZI Data      Debug   Object Name

       344         32          0          0         40       2770   can.o
       676         30          0          4       2744      66473   cmsis_os2.o
       564         16          0          4          0       3688   com_multibutton.o
      2844        134          0          4         56      38337   deca_device.o
        28          0          0          0          0       1081   deca_mutex.o
         0          0        173          0          0       2003   deca_params_init.o
       432         42          0          8          0      39833   deca_port.o
       240         26        522          0          0       2239   deca_range_tables.o
         4          0          0          0          0        529   deca_sleep.o
       200         18          0          0          0       5723   deca_spi.o
        44          4          0          0          0        818   dma.o
      1332        570          0        288        104       6679   dw_main.o
         0          0          0          0          0      17004   event_groups.o
       852        156        400         68        572      23942   freertos.o
       428         52          0          0         88       3057   gpio.o
       472         24          0         32      15360       5071   heap_4.o
      1628        200          0         51        448       5512   instance_anchor.o
         0          0          0          0         12        220   iwdg.o
       138          0          0          0          0       3666   list.o
       226         10          0          0          0     685824   main.o
       786         80          0         12          0      11725   port.o
      1730         18          0          0         64      20273   queue.o
       364         38          0          0        368       3164   spi.o
        36          8        392          0       1024        824   startup_stm32f405xx.o
       116         18          0         12          0       8850   stm32f4xx_hal.o
      1656          6          0          0          0      15007   stm32f4xx_hal_can.o
       192         14          0          0          0      33816   stm32f4xx_hal_cortex.o
      1084         16          8          0          0       7542   stm32f4xx_hal_dma.o
       812         94          0          0          0       5365   stm32f4xx_hal_gpio.o
        12          0          0          0          0       1151   stm32f4xx_hal_iwdg.o
        56          4          0          0          0        906   stm32f4xx_hal_msp.o
      1388         82          0          0          0       6169   stm32f4xx_hal_rcc.o
      1336         14          0          0          0       7227   stm32f4xx_hal_spi.o
      1072         74          0          0          0      10813   stm32f4xx_hal_tim.o
       148         28          0          0          0       2645   stm32f4xx_hal_tim_ex.o
       152         20          0          0         72       1539   stm32f4xx_hal_timebase_tim.o
      1864         30          0          0          0      14882   stm32f4xx_hal_uart.o
       106         36          0          0          0       6405   stm32f4xx_it.o
        16          4         24          4          0       1187   system_stm32f4xx.o
      2226        172          0         60       1220      29321   tasks.o
       356         36          0          4        144       2568   timer.o
       972         82          0         20        280      29907   timers.o
       296         38          0          0        424       5022   usart.o
      1148        180          0        639          0       5367   usart_voice.o

    ----------------------------------------------------------------------
     28432       2406       1552       1212      23024    1146144   Object Totals
         0          0         32          0          0          0   (incl. Generated)
        56          0          1          2          4          0   (incl. Padding)

    ----------------------------------------------------------------------

      Code (inc. data)   RO Data    RW Data    ZI Data      Debug   Library Member Name

        86          0          0          0          0          0   __dczerorl2.o
         0          0          0          0          0          0   entry.o
         0          0          0          0          0          0   entry10a.o
         0          0          0          0          0          0   entry11a.o
         4          0          0          0          0          0   entry12b.o
         8          4          0          0          0          0   entry2.o
         4          0          0          0          0          0   entry5.o
         0          0          0          0          0          0   entry7b.o
         0          0          0          0          0          0   entry8b.o
         8          4          0          0          0          0   entry9a.o
        30          0          0          0          0          0   handlers.o
        36          8          0          0          0         68   init.o
         0          0          0          0          0          0   iusefp.o
        30          0          0          0          0         68   llshl.o
        36          0          0          0          0         68   llsshr.o
        32          0          0          0          0         68   llushr.o
        36          0          0          0          0         68   memcpya.o
        36          0          0          0          0        108   memseta.o
      2342        102          0          0          0        764   printfa.o
         0          0          0          4          0          0   stdout.o
        44          0          0          0          0         80   uidiv.o
        98          0          0          0          0         92   uldiv.o
        48          0          0          0          0         68   cdrcmple.o
        56          0          0          0          0         88   d2f.o
       334          0          0          0          0        148   dadd.o
       222          0          0          0          0        100   ddiv.o
       186          0          0          0          0        176   depilogue.o
        62          0          0          0          0         80   dfixi.o
        74          0          0          0          0         80   dfixl.o
        48          0          0          0          0         68   dfixul.o
        34          0          0          0          0         76   dflti.o
        26          0          0          0          0         76   dfltui.o
       228          0          0          0          0         96   dmul.o
        38          0          0          0          0         68   f2d.o
       110          0          0          0          0        168   fepilogue.o

    ----------------------------------------------------------------------
      4300        118          0          4          0       2676   Library Totals
         4          0          0          0          0          0   (incl. Padding)

    ----------------------------------------------------------------------

      Code (inc. data)   RO Data    RW Data    ZI Data      Debug   Library Name

      2830        118          0          4          0       1384   mc_w.l
      1466          0          0          0          0       1292   mf_w.l

    ----------------------------------------------------------------------
      4300        118          0          4          0       2676   Library Totals

    ----------------------------------------------------------------------

==============================================================================


      Code (inc. data)   RO Data    RW Data    ZI Data      Debug   

     32732       2524       1552       1216      23024    1118300   Grand Totals
     32732       2524       1552        356      23024    1118300   ELF Image Totals (compressed)
     32732       2524       1552        356          0          0   ROM Totals

==============================================================================

    Total RO  Size (Code + RO Data)                34284 (  33.48kB)
    Total RW  Size (RW Data + ZI Data)             24240 (  23.67kB)
    Total ROM Size (Code + RO Data + RW Data)      34640 (  33.83kB)

==============================================================================

